Component: ARM Compiler 5.06 update 7 (build 960) Tool: armlink [4d3601]

==============================================================================

Section Cross References

    system_stm32f10x.o(i.SetSysClock) refers to system_stm32f10x.o(i.SetSysClockTo72) for SetSysClockTo72
    system_stm32f10x.o(i.SystemCoreClockUpdate) refers to system_stm32f10x.o(.data) for SystemCoreClock
    system_stm32f10x.o(i.SystemInit) refers to system_stm32f10x.o(i.SetSysClock) for SetSysClock
    startup_stm32f10x_md.o(RESET) refers to startup_stm32f10x_md.o(STACK) for __initial_sp
    startup_stm32f10x_md.o(RESET) refers to startup_stm32f10x_md.o(.text) for Reset_Handler
    startup_stm32f10x_md.o(RESET) refers to stm32f10x_it.o(i.NMI_Handler) for NMI_Handler
    startup_stm32f10x_md.o(RESET) refers to stm32f10x_it.o(i.HardFault_Handler) for HardFault_Handler
    startup_stm32f10x_md.o(RESET) refers to stm32f10x_it.o(i.MemManage_Handler) for MemManage_Handler
    startup_stm32f10x_md.o(RESET) refers to stm32f10x_it.o(i.BusFault_Handler) for BusFault_Handler
    startup_stm32f10x_md.o(RESET) refers to stm32f10x_it.o(i.UsageFault_Handler) for UsageFault_Handler
    startup_stm32f10x_md.o(RESET) refers to port.o(.emb_text) for SVC_Handler
    startup_stm32f10x_md.o(RESET) refers to stm32f10x_it.o(i.DebugMon_Handler) for DebugMon_Handler
    startup_stm32f10x_md.o(RESET) refers to port.o(i.SysTick_Handler) for SysTick_Handler
    startup_stm32f10x_md.o(RESET) refers to speed.o(i.EXTI4_IRQHandler) for EXTI4_IRQHandler
    startup_stm32f10x_md.o(RESET) refers to beep.o(i.EXTI9_5_IRQHandler) for EXTI9_5_IRQHandler
    startup_stm32f10x_md.o(RESET) refers to serial.o(i.USART1_IRQHandler) for USART1_IRQHandler
    startup_stm32f10x_md.o(RESET) refers to key.o(i.EXTI15_10_IRQHandler) for EXTI15_10_IRQHandler
    startup_stm32f10x_md.o(.text) refers to system_stm32f10x.o(i.SystemInit) for SystemInit
    startup_stm32f10x_md.o(.text) refers to entry.o(.ARM.Collect$$$$00000000) for __main
    stm32f10x_adc.o(i.ADC_DeInit) refers to stm32f10x_rcc.o(i.RCC_APB2PeriphResetCmd) for RCC_APB2PeriphResetCmd
    stm32f10x_bkp.o(i.BKP_DeInit) refers to stm32f10x_rcc.o(i.RCC_BackupResetCmd) for RCC_BackupResetCmd
    stm32f10x_can.o(i.CAN_DeInit) refers to stm32f10x_rcc.o(i.RCC_APB1PeriphResetCmd) for RCC_APB1PeriphResetCmd
    stm32f10x_can.o(i.CAN_GetITStatus) refers to stm32f10x_can.o(i.CheckITStatus) for CheckITStatus
    stm32f10x_cec.o(i.CEC_DeInit) refers to stm32f10x_rcc.o(i.RCC_APB1PeriphResetCmd) for RCC_APB1PeriphResetCmd
    stm32f10x_dac.o(i.DAC_DeInit) refers to stm32f10x_rcc.o(i.RCC_APB1PeriphResetCmd) for RCC_APB1PeriphResetCmd
    stm32f10x_flash.o(i.FLASH_EnableWriteProtection) refers to stm32f10x_flash.o(i.FLASH_WaitForLastOperation) for FLASH_WaitForLastOperation
    stm32f10x_flash.o(i.FLASH_EraseAllBank1Pages) refers to stm32f10x_flash.o(i.FLASH_WaitForLastBank1Operation) for FLASH_WaitForLastBank1Operation
    stm32f10x_flash.o(i.FLASH_EraseAllPages) refers to stm32f10x_flash.o(i.FLASH_WaitForLastOperation) for FLASH_WaitForLastOperation
    stm32f10x_flash.o(i.FLASH_EraseOptionBytes) refers to stm32f10x_flash.o(i.FLASH_GetReadOutProtectionStatus) for FLASH_GetReadOutProtectionStatus
    stm32f10x_flash.o(i.FLASH_EraseOptionBytes) refers to stm32f10x_flash.o(i.FLASH_WaitForLastOperation) for FLASH_WaitForLastOperation
    stm32f10x_flash.o(i.FLASH_ErasePage) refers to stm32f10x_flash.o(i.FLASH_WaitForLastOperation) for FLASH_WaitForLastOperation
    stm32f10x_flash.o(i.FLASH_ProgramHalfWord) refers to stm32f10x_flash.o(i.FLASH_WaitForLastOperation) for FLASH_WaitForLastOperation
    stm32f10x_flash.o(i.FLASH_ProgramOptionByteData) refers to stm32f10x_flash.o(i.FLASH_WaitForLastOperation) for FLASH_WaitForLastOperation
    stm32f10x_flash.o(i.FLASH_ProgramWord) refers to stm32f10x_flash.o(i.FLASH_WaitForLastOperation) for FLASH_WaitForLastOperation
    stm32f10x_flash.o(i.FLASH_ReadOutProtection) refers to stm32f10x_flash.o(i.FLASH_WaitForLastOperation) for FLASH_WaitForLastOperation
    stm32f10x_flash.o(i.FLASH_UserOptionByteConfig) refers to stm32f10x_flash.o(i.FLASH_WaitForLastOperation) for FLASH_WaitForLastOperation
    stm32f10x_flash.o(i.FLASH_WaitForLastBank1Operation) refers to stm32f10x_flash.o(i.FLASH_GetBank1Status) for FLASH_GetBank1Status
    stm32f10x_flash.o(i.FLASH_WaitForLastOperation) refers to stm32f10x_flash.o(i.FLASH_GetBank1Status) for FLASH_GetBank1Status
    stm32f10x_gpio.o(i.GPIO_AFIODeInit) refers to stm32f10x_rcc.o(i.RCC_APB2PeriphResetCmd) for RCC_APB2PeriphResetCmd
    stm32f10x_gpio.o(i.GPIO_DeInit) refers to stm32f10x_rcc.o(i.RCC_APB2PeriphResetCmd) for RCC_APB2PeriphResetCmd
    stm32f10x_i2c.o(i.I2C_DeInit) refers to stm32f10x_rcc.o(i.RCC_APB1PeriphResetCmd) for RCC_APB1PeriphResetCmd
    stm32f10x_i2c.o(i.I2C_Init) refers to stm32f10x_rcc.o(i.RCC_GetClocksFreq) for RCC_GetClocksFreq
[...]
    prvHeapInit                              0x08004939   Thumb Code    90  heap_4.o(i.prvHeapInit)
    i.prvIdleTask                            0x080049a8   Section        0  tasks.o(i.prvIdleTask)
    prvIdleTask                              0x080049a9   Thumb Code    32  tasks.o(i.prvIdleTask)
    i.prvInitialiseMutex                     0x080049d0   Section        0  queue.o(i.prvInitialiseMutex)
    prvInitialiseMutex                       0x080049d1   Thumb Code    30  queue.o(i.prvInitialiseMutex)
    i.prvInitialiseNewQueue                  0x080049ee   Section        0  queue.o(i.prvInitialiseNewQueue)
    prvInitialiseNewQueue                    0x080049ef   Thumb Code    38  queue.o(i.prvInitialiseNewQueue)
    i.prvInitialiseNewTask                   0x08004a14   Section        0  tasks.o(i.prvInitialiseNewTask)
    prvInitialiseNewTask                     0x08004a15   Thumb Code   124  tasks.o(i.prvInitialiseNewTask)
    i.prvInitialiseNewTimer                  0x08004a90   Section        0  timers.o(i.prvInitialiseNewTimer)
    prvInitialiseNewTimer                    0x08004a91   Thumb Code    56  timers.o(i.prvInitialiseNewTimer)
    i.prvInitialiseTaskLists                 0x08004ac8   Section        0  tasks.o(i.prvInitialiseTaskLists)
    prvInitialiseTaskLists                   0x08004ac9   Thumb Code    70  tasks.o(i.prvInitialiseTaskLists)
    i.prvInsertBlockIntoFreeList             0x08004b30   Section        0  heap_4.o(i.prvInsertBlockIntoFreeList)
    prvInsertBlockIntoFreeList               0x08004b31   Thumb Code    96  heap_4.o(i.prvInsertBlockIntoFreeList)
    i.prvInsertTimerInActiveList             0x08004b98   Section        0  timers.o(i.prvInsertTimerInActiveList)
    prvInsertTimerInActiveList               0x08004b99   Thumb Code    80  timers.o(i.prvInsertTimerInActiveList)
    i.prvIsQueueEmpty                        0x08004bf0   Section        0  queue.o(i.prvIsQueueEmpty)
    prvIsQueueEmpty                          0x08004bf1   Thumb Code    26  queue.o(i.prvIsQueueEmpty)
    i.prvIsQueueFull                         0x08004c0a   Section        0  queue.o(i.prvIsQueueFull)
    prvIsQueueFull                           0x08004c0b   Thumb Code    30  queue.o(i.prvIsQueueFull)
    i.prvProcessExpiredTimer                 0x08004c28   Section        0  timers.o(i.prvProcessExpiredTimer)
    prvProcessExpiredTimer                   0x08004c29   Thumb Code    62  timers.o(i.prvProcessExpiredTimer)
    i.prvProcessReceivedCommands             0x08004c6c   Section        0  timers.o(i.prvProcessReceivedCommands)
    prvProcessReceivedCommands               0x08004c6d   Thumb Code   244  timers.o(i.prvProcessReceivedCommands)
    i.prvProcessTimerOrBlockTask             0x08004d64   Section        0  timers.o(i.prvProcessTimerOrBlockTask)
    prvProcessTimerOrBlockTask               0x08004d65   Thumb Code   102  timers.o(i.prvProcessTimerOrBlockTask)
    i.prvReloadTimer                         0x08004dd8   Section        0  timers.o(i.prvReloadTimer)
    prvReloadTimer                           0x08004dd9   Thumb Code    40  timers.o(i.prvReloadTimer)
    i.prvResetNextTaskUnblockTime            0x08004e00   Section        0  tasks.o(i.prvResetNextTaskUnblockTime)
    prvResetNextTaskUnblockTime              0x08004e01   Thumb Code    40  tasks.o(i.prvResetNextTaskUnblockTime)
    i.prvSampleTimeNow                       0x08004e30   Section        0  timers.o(i.prvSampleTimeNow)
    prvSampleTimeNow                         0x08004e31   Thumb Code    40  timers.o(i.prvSampleTimeNow)
    i.prvSetupHardware                       0x08004e5c   Section        0  main.o(i.prvSetupHardware)
    prvSetupHardware                         0x08004e5d   Thumb Code    44  main.o(i.prvSetupHardware)
    i.prvSwitchTimerLists                    0x08004e88   Section        0  timers.o(i.prvSwitchTimerLists)
    prvSwitchTimerLists                      0x08004e89   Thumb Code    58  timers.o(i.prvSwitchTimerLists)
    i.prvTaskExitError                       0x08004ecc   Section        0  port.o(i.prvTaskExitError)
    prvTaskExitError                         0x08004ecd   Thumb Code    22  port.o(i.prvTaskExitError)
    i.prvTimerTask                           0x08004ee2   Section        0  timers.o(i.prvTimerTask)
    prvTimerTask                             0x08004ee3   Thumb Code    26  timers.o(i.prvTimerTask)
    i.prvUnlockQueue                         0x08004efc   Section        0  queue.o(i.prvUnlockQueue)
    prvUnlockQueue                           0x08004efd   Thumb Code   126  queue.o(i.prvUnlockQueue)
    i.pvPortMalloc                           0x08004f7c   Section        0  heap_4.o(i.pvPortMalloc)
    i.pvTaskIncrementMutexHeldCount          0x0800507c   Section        0  tasks.o(i.pvTaskIncrementMutexHeldCount)
    i.pxPortInitialiseStack                  0x0800509c   Section        0  port.o(i.pxPortInitialiseStack)
    i.sqrt                                   0x080050c0   Section        0  sqrt.o(i.sqrt)
    i.trunc                                  0x0800510c   Section        0  trunc.o(i.trunc)
    i.uxListRemove                           0x08005170   Section        0  list.o(i.uxListRemove)
    i.uxTaskGetNumberOfTasks                 0x08005198   Section        0  tasks.o(i.uxTaskGetNumberOfTasks)
    i.vListInitialise                        0x080051a4   Section        0  list.o(i.vListInitialise)
    i.vListInitialiseItem                    0x080051be   Section        0  list.o(i.vListInitialiseItem)
    i.vListInsert                            0x080051c4   Section        0  list.o(i.vListInsert)
    i.vListInsertEnd                         0x080051f8   Section        0  list.o(i.vListInsertEnd)
    i.vPortEnterCritical                     0x08005210   Section        0  port.o(i.vPortEnterCritical)
    i.vPortExitCritical                      0x08005234   Section        0  port.o(i.vPortExitCritical)
    i.vPortFree                              0x08005254   Section        0  heap_4.o(i.vPortFree)
    i.vPortSetupTimerInterrupt               0x080052a0   Section        0  port.o(i.vPortSetupTimerInterrupt)
    i.vQueueDelete                           0x080052b8   Section        0  queue.o(i.vQueueDelete)
    i.vQueueWaitForMessageRestricted         0x080052c6   Section        0  queue.o(i.vQueueWaitForMessageRestricted)
    i.vTaskDelay                             0x08005310   Section        0  tasks.o(i.vTaskDelay)
    i.vTaskDelete                            0x08005344   Section        0  tasks.o(i.vTaskDelete)
    i.vTaskInternalSetTimeOutState           0x0800541c   Section        0  tasks.o(i.vTaskInternalSetTimeOutState)
    i.vTaskMissedYield                       0x08005434   Section        0  tasks.o(i.vTaskMissedYield)
    i.vTaskPlaceOnEventList                  0x08005440   Section        0  tasks.o(i.vTaskPlaceOnEventList)
    i.vTaskPlaceOnEventListRestricted        0x08005460   Section        0  tasks.o(i.vTaskPlaceOnEventListRestricted)
    i.vTaskPriorityDisinheritAfterTimeout    0x080054b0   Section        0  tasks.o(i.vTaskPriorityDisinheritAfterTimeout)
    i.vTaskStartScheduler                    0x0800558c   Section        0  tasks.o(i.vTaskStartScheduler)
    i.vTaskSuspendAll                        0x08005604   Section        0  tasks.o(i.vTaskSuspendAll)
    i.vTaskSwitchContext                     0x08005614   Section        0  tasks.o(i.vTaskSwitchContext)
    i.xPortStartScheduler                    0x08005678   Section        0  port.o(i.xPortStartScheduler)
    i.xQueueCreateMutex                      0x080056ac   Section        0  queue.o(i.xQueueCreateMutex)
    i.xQueueGenericCreate                    0x080056ce   Section        0  queue.o(i.xQueueGenericCreate)
    i.xQueueGenericReset                     0x0800571c   Section        0  queue.o(i.xQueueGenericReset)
    i.xQueueGenericSend                      0x080057bc   Section        0  queue.o(i.xQueueGenericSend)
    i.xQueueGenericSendFromISR               0x080058d4   Section        0  queue.o(i.xQueueGenericSendFromISR)
    i.xQueueReceive                          0x08005970   Section        0  queue.o(i.xQueueReceive)
    i.xQueueSemaphoreTake                    0x08005a74   Section        0  queue.o(i.xQueueSemaphoreTake)
    i.xTaskCheckForTimeOut                   0x08005ba4   Section        0  tasks.o(i.xTaskCheckForTimeOut)
    i.xTaskCreate                            0x08005c04   Section        0  tasks.o(i.xTaskCreate)
    i.xTaskGetSchedulerState                 0x08005c6c   Section        0  tasks.o(i.xTaskGetSchedulerState)
    i.xTaskGetTickCount                      0x08005c8c   Section        0  tasks.o(i.xTaskGetTickCount)
    i.xTaskGetTickCountFromISR               0x08005c98   Section        0  tasks.o(i.xTaskGetTickCountFromISR)
    i.xTaskIncrementTick                     0x08005ca4   Section        0  tasks.o(i.xTaskIncrementTick)
    i.xTaskPriorityDisinherit                0x08005e44   Section        0  tasks.o(i.xTaskPriorityDisinherit)
    i.xTaskPriorityInherit                   0x08005ef8   Section        0  tasks.o(i.xTaskPriorityInherit)
    i.xTaskRemoveFromEventList               0x08005fec   Section        0  tasks.o(i.xTaskRemoveFromEventList)
    i.xTaskResumeAll                         0x08006104   Section        0  tasks.o(i.xTaskResumeAll)
    i.xTimerCreate                           0x08006270   Section        0  timers.o(i.xTimerCreate)
    i.xTimerCreateTimerTask                  0x080062a8   Section        0  timers.o(i.xTimerCreateTimerTask)
    i.xTimerGenericCommand                   0x080062e4   Section        0  timers.o(i.xTimerGenericCommand)
    .constdata                               0x08006350   Section     7306  oled.o(.constdata)
    .constdata                               0x08007fe0   Section      136  pow.o(.constdata)
    bp                                       0x08007fe0   Data          16  pow.o(.constdata)
    dp_h                                     0x08007ff0   Data          16  pow.o(.constdata)
    dp_l                                     0x08008000   Data          16  pow.o(.constdata)
    L                                        0x08008010   Data          48  pow.o(.constdata)
    P                                        0x08008040   Data          40  pow.o(.constdata)
    .constdata                               0x08008068   Section        8  qnan.o(.constdata)
    .conststring                             0x08008070   Section       27  main.o(.conststring)
    .data                                    0x20000000   Section       20  stm32f10x_rcc.o(.data)
    APBAHBPrescTable                         0x20000000   Data          16  stm32f10x_rcc.o(.data)
    ADCPrescTable                            0x20000010   Data           4  stm32f10x_rcc.o(.data)
    .data                                    0x20000014   Section       55  main.o(.data)
    ADCQueue                                 0x2000001c   Data           4  main.o(.data)
    UARTMux                                  0x20000020   Data           4  main.o(.data)
    UploadSem                                0x20000024   Data           4  main.o(.data)
    SpeedTim                                 0x20000028   Data           4  main.o(.data)
    UploadTim                                0x2000002c   Data           4  main.o(.data)
    .data                                    0x2000004c   Section       64  tasks.o(.data)
    pxDelayedTaskList                        0x20000050   Data           4  tasks.o(.data)
    pxOverflowDelayedTaskList                0x20000054   Data           4  tasks.o(.data)
    uxDeletedTasksWaitingCleanUp             0x20000058   Data           4  tasks.o(.data)
    uxCurrentNumberOfTasks                   0x2000005c   Data           4  tasks.o(.data)
    xTickCount                               0x20000060   Data           4  tasks.o(.data)
    uxTopReadyPriority                       0x20000064   Data           4  tasks.o(.data)
    xSchedulerRunning                        0x20000068   Data           4  tasks.o(.data)
    xPendedTicks                             0x2000006c   Data           4  tasks.o(.data)
    xYieldPending                            0x20000070   Data           4  tasks.o(.data)
    xNumOfOverflows                          0x20000074   Data           4  tasks.o(.data)
    uxTaskNumber                             0x20000078   Data           4  tasks.o(.data)
    xNextTaskUnblockTime                     0x2000007c   Data           4  tasks.o(.data)
    xIdleTaskHandle                          0x20000080   Data           4  tasks.o(.data)
    uxSchedulerSuspended                     0x20000088   Data           4  tasks.o(.data)
    .data                                    0x2000008c   Section       20  timers.o(.data)
    pxCurrentTimerList                       0x2000008c   Data           4  timers.o(.data)
    pxOverflowTimerList                      0x20000090   Data           4  timers.o(.data)
    xTimerQueue                              0x20000094   Data           4  timers.o(.data)
    xTimerTaskHandle                         0x20000098   Data           4  timers.o(.data)
    xLastTime                                0x2000009c   Data           4  timers.o(.data)
    .data                                    0x200000a0   Section       28  heap_4.o(.data)
    xStart                                   0x200000a0   Data           8  heap_4.o(.data)
    pxEnd                                    0x200000a8   Data           4  heap_4.o(.data)
    xFreeBytesRemaining                      0x200000ac   Data           4  heap_4.o(.data)
    xMinimumEverFreeBytesRemaining           0x200000b0   Data           4  heap_4.o(.data)
    xNumberOfSuccessfulAllocations           0x200000b4   Data           4  heap_4.o(.data)
    xNumberOfSuccessfulFrees                 0x200000b8   Data           4  heap_4.o(.data)
    .data                                    0x200000bc   Section        4  port.o(.data)
    uxCriticalNesting                        0x200000bc   Data           4  port.o(.data)
    .data                                    0x200000c0   Section        4  serial.o(.data)
    .data                                    0x200000c4   Section        8  adc.o(.data)
    .data                                    0x200000cc   Section        5  dht11.o(.data)
    .data                                    0x200000d4   Section       16  mq-5.o(.data)
    .data                                    0x200000e4   Section       12  speed.o(.data)
    .data                                    0x200000f0   Section        1  key.o(.data)
    .data                                    0x200000f4   Section        4  stdout.o(.data)
    .data                                    0x200000f8   Section        4  errno.o(.data)
    _errno                                   0x200000f8   Data           4  errno.o(.data)
    .bss                                     0x200000fc   Section       10  main.o(.bss)
    .bss                                     0x20000108   Section      200  tasks.o(.bss)
    pxReadyTasksLists                        0x20000108   Data         100  tasks.o(.bss)
    xDelayedTaskList1                        0x2000016c   Data          20  tasks.o(.bss)
    xDelayedTaskList2                        0x20000180   Data          20  tasks.o(.bss)
    xPendingReadyList                        0x20000194   Data          20  tasks.o(.bss)
    xTasksWaitingTermination                 0x200001a8   Data          20  tasks.o(.bss)
    xSuspendedTaskList                       0x200001bc   Data          20  tasks.o(.bss)
    .bss                                     0x200001d0   Section       40  timers.o(.bss)
    xActiveTimerList1                        0x200001d0   Data          20  timers.o(.bss)
    xActiveTimerList2                        0x200001e4   Data          20  timers.o(.bss)
    .bss                                     0x200001f8   Section    17408  heap_4.o(.bss)
    ucHeap                                   0x200001f8   Data       17408  heap_4.o(.bss)
    .bss                                     0x200045f8   Section      500  serial.o(.bss)
    .bss                                     0x200047ec   Section      400  oled.o(.bss)
    STACK                                    0x20004980   Section     1024  startup_stm32f10x_md.o(STACK)

    Global Symbols

    Symbol Name                              Value     Ov Type        Size  Object(Section)

    BuildAttributes$$THM_ISAv4$P$D$K$B$S$PE$A:L22UL41UL21$X:L11$S22US41US21$IEEE1$IW$USESV6$~STKCKD$USESV7$~SHL$OTIME$ROPI$IEEEX$EBA8$MICROLIB$REQ8$PRES8$EABIv2 0x00000000   Number         0  anon$$obj.o ABSOLUTE
    __ARM_use_no_argv                        0x00000000   Number         0  main.o ABSOLUTE
    _printf_a                                0x00000000   Number         0  stubs.o ABSOLUTE
    _printf_c                                0x00000000   Number         0  stubs.o ABSOLUTE
    _printf_charcount                        0x00000000   Number         0  stubs.o ABSOLUTE
    _printf_d                                0x00000000   Number         0  stubs.o ABSOLUTE
    _printf_e                                0x00000000   Number         0  stubs.o ABSOLUTE
    _printf_f                                0x00000000   Number         0  stubs.o ABSOLUTE
    _printf_flags                            0x00000000   Number         0  stubs.o ABSOLUTE
    _printf_fp_dec                           0x00000000   Number         0  stubs.o ABSOLUTE
    _printf_fp_hex                           0x00000000   Number         0  stubs.o ABSOLUTE
    _printf_g                                0x00000000   Number         0  stubs.o ABSOLUTE
    _printf_i                                0x00000000   Number         0  stubs.o ABSOLUTE
    _printf_int_dec                          0x00000000   Number         0  stubs.o ABSOLUTE
    _printf_l                                0x00000000   Number         0  stubs.o ABSOLUTE
    _printf_lc                               0x00000000   Number         0  stubs.o ABSOLUTE
    _printf_ll                               0x00000000   Number         0  stubs.o ABSOLUTE
    _printf_lld                              0x00000000   Number         0  stubs.o ABSOLUTE
    _printf_lli                              0x00000000   Number         0  stubs.o ABSOLUTE
    _printf_llo                              0x00000000   Number         0  stubs.o ABSOLUTE
    _printf_llu                              0x00000000   Number         0  stubs.o ABSOLUTE
    _printf_llx                              0x00000000   Number         0  stubs.o ABSOLUTE
    _printf_longlong_dec                     0x00000000   Number         0  stubs.o ABSOLUTE
    _printf_longlong_hex                     0x00000000   Number         0  stubs.o ABSOLUTE
    _printf_longlong_oct                     0x00000000   Number         0  stubs.o ABSOLUTE
    _printf_ls                               0x00000000   Number         0  stubs.o ABSOLUTE
    _printf_mbtowc                           0x00000000   Number         0  stubs.o ABSOLUTE
    _printf_n                                0x00000000   Number         0  stubs.o ABSOLUTE
    _printf_o                                0x00000000   Number         0  stubs.o ABSOLUTE
    _printf_p                                0x00000000   Number         0  stubs.o ABSOLUTE
    _printf_percent                          0x00000000   Number         0  stubs.o ABSOLUTE
    _printf_pre_padding                      0x00000000   Number         0  stubs.o ABSOLUTE
    _printf_return_value                     0x00000000   Number         0  stubs.o ABSOLUTE
    _printf_s                                0x00000000   Number         0  stubs.o ABSOLUTE
    _printf_sizespec                         0x00000000   Number         0  stubs.o ABSOLUTE
    _printf_str                              0x00000000   Number         0  stubs.o ABSOLUTE
    _printf_truncate_signed                  0x00000000   Number         0  stubs.o ABSOLUTE
    _printf_truncate_unsigned                0x00000000   Number         0  stubs.o ABSOLUTE
    _printf_u                                0x00000000   Number         0  stubs.o ABSOLUTE
    _printf_wc                               0x00000000   Number         0  stubs.o ABSOLUTE
    _printf_wctomb                           0x00000000   Number         0  stubs.o ABSOLUTE
    _printf_widthprec                        0x00000000   Number         0  stubs.o ABSOLUTE
    _printf_x                                0x00000000   Number         0  stubs.o ABSOLUTE
    __arm_fini_                               - Undefined Weak Reference
    __cpp_initialize__aeabi_                  - Undefined Weak Reference
    __cxa_finalize                            - Undefined Weak Reference
    __decompress                              - Undefined Weak Reference
    _clock_init                               - Undefined Weak Reference
    _microlib_exit                            - Undefined Weak Reference
    __Vectors_Size                           0x000000ec   Number         0  startup_stm32f10x_md.o ABSOLUTE
    __Vectors                                0x08000000   Data           4  startup_stm32f10x_md.o(RESET)
    __Vectors_End                            0x080000ec   Data           0  startup_stm32f10x_md.o(RESET)
    __main                                   0x080000ed   Thumb Code     0  entry.o(.ARM.Collect$$$$00000000)
    _main_stk                                0x080000ed   Thumb Code     0  entry2.o(.ARM.Collect$$$$00000001)
    _main_scatterload                        0x080000f1   Thumb Code     0  entry5.o(.ARM.Collect$$$$00000004)
    __main_after_scatterload                 0x080000f5   Thumb Code     0  entry5.o(.ARM.Collect$$$$00000004)
    _main_clock                              0x080000f5   Thumb Code     0  entry7b.o(.ARM.Collect$$$$00000008)
    _main_cpp_init                           0x080000f5   Thumb Code     0  entry8b.o(.ARM.Collect$$$$0000000A)
    _main_init                               0x080000f5   Thumb Code     0  entry9a.o(.ARM.Collect$$$$0000000B)
    __rt_lib_shutdown_fini                   0x080000fd   Thumb Code     0  entry12b.o(.ARM.Collect$$$$0000000E)
    __rt_final_cpp                           0x08000101   Thumb Code     0  entry10a.o(.ARM.Collect$$$$0000000F)
    __rt_final_exit                          0x08000101   Thumb Code     0  entry11a.o(.ARM.Collect$$$$00000011)
    SVC_Handler                              0x08000105   Thumb Code    32  port.o(.emb_text)
    __asm___6_port_c_39a90d8d__prvStartFirstTask 0x08000129   Thumb Code    28  port.o(.emb_text)
    PendSV_Handler                           0x08000149   Thumb Code    72  port.o(.emb_text)
    vPortGetIPSR                             0x08000195   Thumb Code     6  port.o(.emb_text)
    Reset_Handler                            0x0800019d   Thumb Code     8  startup_stm32f10x_md.o(.text)
    ADC1_2_IRQHandler                        0x080001b7   Thumb Code     0  startup_stm32f10x_md.o(.text)
    CAN1_RX1_IRQHandler                      0x080001b7   Thumb Code     0  startup_stm32f10x_md.o(.text)
    CAN1_SCE_IRQHandler                      0x080001b7   Thumb Code     0  startup_stm32f10x_md.o(.text)
    DMA1_Channel1_IRQHandler                 0x080001b7   Thumb Code     0  startup_stm32f10x_md.o(.text)
    DMA1_Channel2_IRQHandler                 0x080001b7   Thumb Code     0  startup_stm32f10x_md.o(.text)
    DMA1_Channel3_IRQHandler                 0x080001b7   Thumb Code     0  startup_stm32f10x_md.o(.text)
    DMA1_Channel4_IRQHandler                 0x080001b7   Thumb Code     0  startup_stm32f10x_md.o(.text)
    DMA1_Channel5_IRQHandler                 0x080001b7   Thumb Code     0  startup_stm32f10x_md.o(.text)
    DMA1_Channel6_IRQHandler                 0x080001b7   Thumb Code     0  startup_stm32f10x_md.o(.text)
    DMA1_Channel7_IRQHandler                 0x080001b7   Thumb Code     0  startup_stm32f10x_md.o(.text)
    EXTI0_IRQHandler                         0x080001b7   Thumb Code     0  startup_stm32f10x_md.o(.text)
    EXTI1_IRQHandler                         0x080001b7   Thumb Code     0  startup_stm32f10x_md.o(.text)
    EXTI2_IRQHandler                         0x080001b7   Thumb Code     0  startup_stm32f10x_md.o(.text)
    EXTI3_IRQHandler                         0x080001b7   Thumb Code     0  startup_stm32f10x_md.o(.text)
    FLASH_IRQHandler                         0x080001b7   Thumb Code     0  startup_stm32f10x_md.o(.text)
    I2C1_ER_IRQHandler                       0x080001b7   Thumb Code     0  startup_stm32f10x_md.o(.text)
    I2C1_EV_IRQHandler                       0x080001b7   Thumb Code     0  startup_stm32f10x_md.o(.text)
    I2C2_ER_IRQHandler                       0x080001b7   Thumb Code     0  startup_stm32f10x_md.o(.text)
    I2C2_EV_IRQHandler                       0x080001b7   Thumb Code     0  startup_stm32f10x_md.o(.text)
    PVD_IRQHandler                           0x080001b7   Thumb Code     0  startup_stm32f10x_md.o(.text)
    RCC_IRQHandler                           0x080001b7   Thumb Code     0  startup_stm32f10x_md.o(.text)
    RTCAlarm_IRQHandler                      0x080001b7   Thumb Code     0  startup_stm32f10x_md.o(.text)
    RTC_IRQHandler                           0x080001b7   Thumb Code     0  startup_stm32f10x_md.o(.text)
    SPI1_IRQHandler                          0x080001b7   Thumb Code     0  startup_stm32f10x_md.o(.text)
    SPI2_IRQHandler                          0x080001b7   Thumb Code     0  startup_stm32f10x_md.o(.text)
    TAMPER_IRQHandler                        0x080001b7   Thumb Code     0  startup_stm32f10x_md.o(.text)
    TIM1_BRK_IRQHandler                      0x080001b7   Thumb Code     0  startup_stm32f10x_md.o(.text)
    TIM1_CC_IRQHandler                       0x080001b7   Thumb Code     0  startup_stm32f10x_md.o(.text)
    TIM1_TRG_COM_IRQHandler                  0x080001b7   Thumb Code     0  startup_stm32f10x_md.o(.text)
    TIM1_UP_IRQHandler                       0x080001b7   Thumb Code     0  startup_stm32f10x_md.o(.text)
    TIM2_IRQHandler                          0x080001b7   Thumb Code     0  startup_stm32f10x_md.o(.text)
    TIM3_IRQHandler                          0x080001b7   Thumb Code     0  startup_stm32f10x_md.o(.text)
    TIM4_IRQHandler                          0x080001b7   Thumb Code     0  startup_stm32f10x_md.o(.text)
    USART2_IRQHandler                        0x080001b7   Thumb Code     0  startup_stm32f10x_md.o(.text)
    USART3_IRQHandler                        0x080001b7   Thumb Code     0  startup_stm32f10x_md.o(.text)
    USBWakeUp_IRQHandler                     0x080001b7   Thumb Code     0  startup_stm32f10x_md.o(.text)
    USB_HP_CAN1_TX_IRQHandler                0x080001b7   Thumb Code     0  startup_stm32f10x_md.o(.text)
    USB_LP_CAN1_RX0_IRQHandler               0x080001b7   Thumb Code     0  startup_stm32f10x_md.o(.text)
    WWDG_IRQHandler                          0x080001b7   Thumb Code     0  startup_stm32f10x_md.o(.text)
    __aeabi_memcpy                           0x080001c1   Thumb Code    36  memcpya.o(.text)
    __aeabi_memcpy4                          0x080001c1   Thumb Code     0  memcpya.o(.text)
    __aeabi_memcpy8                          0x080001c1   Thumb Code     0  memcpya.o(.text)
    __aeabi_memset                           0x080001e5   Thumb Code    14  memseta.o(.text)
    __aeabi_memset4                          0x080001e5   Thumb Code     0  memseta.o(.text)
    __aeabi_memset8                          0x080001e5   Thumb Code     0  memseta.o(.text)
    __aeabi_memclr                           0x080001f3   Thumb Code     4  memseta.o(.text)
    __aeabi_memclr4                          0x080001f3   Thumb Code     0  memseta.o(.text)
    __aeabi_memclr8                          0x080001f3   Thumb Code     0  memseta.o(.text)
    _memset$wrapper                          0x080001f7   Thumb Code    18  memseta.o(.text)
    strstr                                   0x08000209   Thumb Code    36  strstr.o(.text)
    __aeabi_fadd                             0x0800022d   Thumb Code   164  fadd.o(.text)
    __aeabi_fsub                             0x080002d1   Thumb Code     6  fadd.o(.text)
    __aeabi_frsub                            0x080002d7   Thumb Code     6  fadd.o(.text)
    __aeabi_fmul                             0x080002dd   Thumb Code   100  fmul.o(.text)
    __aeabi_fdiv                             0x08000341   Thumb Code   124  fdiv.o(.text)
    __aeabi_dadd                             0x080003bd   Thumb Code   322  dadd.o(.text)
    __aeabi_dsub                             0x080004ff   Thumb Code     6  dadd.o(.text)
    __aeabi_drsub                            0x08000505   Thumb Code     6  dadd.o(.text)
    __aeabi_dmul                             0x0800050b   Thumb Code   228  dmul.o(.text)
    __aeabi_ddiv                             0x080005ef   Thumb Code   222  ddiv.o(.text)
    __aeabi_i2f                              0x080006cd   Thumb Code    18  fflti.o(.text)
    __aeabi_ui2f                             0x080006df   Thumb Code    10  ffltui.o(.text)
    __aeabi_ui2d                             0x080006e9   Thumb Code    26  dfltui.o(.text)
    __aeabi_d2iz                             0x08000703   Thumb Code    62  dfixi.o(.text)
    __aeabi_d2uiz                            0x08000741   Thumb Code    50  dfixui.o(.text)
    __aeabi_f2d                              0x08000773   Thumb Code    38  f2d.o(.text)
    __aeabi_d2f                              0x08000799   Thumb Code    56  d2f.o(.text)
    __aeabi_cfcmpeq                          0x080007d1   Thumb Code     0  cfcmple.o(.text)
    __aeabi_cfcmple                          0x080007d1   Thumb Code    20  cfcmple.o(.text)
    __aeabi_uidiv                            0x080007e5   Thumb Code     0  uidiv.o(.text)
    __aeabi_uidivmod                         0x080007e5   Thumb Code    44  uidiv.o(.text)
    __aeabi_uldivmod                         0x08000811   Thumb Code    98  uldiv.o(.text)
    __aeabi_llsl                             0x08000873   Thumb Code    30  llshl.o(.text)
    _ll_shift_l                              0x08000873   Thumb Code     0  llshl.o(.text)
    __aeabi_llsr                             0x08000891   Thumb Code    32  llushr.o(.text)
    _ll_ushift_r                             0x08000891   Thumb Code     0  llushr.o(.text)
    __aeabi_lasr                             0x080008b1   Thumb Code    36  llsshr.o(.text)
    _ll_sshift_r                             0x080008b1   Thumb Code     0  llsshr.o(.text)
    __I$use$fp                               0x080008d5   Thumb Code     0  iusefp.o(.text)
    _float_round                             0x080008d5   Thumb Code    18  fepilogue.o(.text)
    _float_epilogue                          0x080008e7   Thumb Code    92  fepilogue.o(.text)
    _double_round                            0x08000943   Thumb Code    30  depilogue.o(.text)
    _double_epilogue                         0x08000961   Thumb Code   156  depilogue.o(.text)
    __ARM_scalbn                             0x080009fd   Thumb Code    46  dscalb.o(.text)
    scalbn                                   0x080009fd   Thumb Code     0  dscalb.o(.text)
    _drnd                                    0x08000a2d   Thumb Code   132  drnd.o(.text)
    __aeabi_i2d                              0x08000ab5   Thumb Code    34  dflti.o(.text)
    __aeabi_d2ulz                            0x08000ad7   Thumb Code    48  dfixul.o(.text)
    __aeabi_cdcmpeq                          0x08000b09   Thumb Code     0  cdcmple.o(.text)
    __aeabi_cdcmple                          0x08000b09   Thumb Code    48  cdcmple.o(.text)
    __aeabi_cdrcmple                         0x08000b39   Thumb Code    48  cdrcmple.o(.text)
    __scatterload                            0x08000b69   Thumb Code    28  init.o(.text)
    __scatterload_rt2                        0x08000b69   Thumb Code     0  init.o(.text)
    _dsqrt                                   0x08000b8d   Thumb Code   162  dsqrt.o(.text)
    ADC_Cmd                                  0x08000c2f   Thumb Code    22  stm32f10x_adc.o(i.ADC_Cmd)
    ADC_DMACmd                               0x08000c45   Thumb Code    22  stm32f10x_adc.o(i.ADC_DMACmd)
    ADC_GetCalibrationStatus                 0x08000c5b   Thumb Code    20  stm32f10x_adc.o(i.ADC_GetCalibrationStatus)
    ADC_GetResetCalibrationStatus            0x08000c6f   Thumb Code    20  stm32f10x_adc.o(i.ADC_GetResetCalibrationStatus)
    ADC_Init                                 0x08000c85   Thumb Code    70  stm32f10x_adc.o(i.ADC_Init)
    ADC_RegularChannelConfig                 0x08000cd5   Thumb Code   184  stm32f10x_adc.o(i.ADC_RegularChannelConfig)
    ADC_ResetCalibration                     0x08000d8d   Thumb Code    10  stm32f10x_adc.o(i.ADC_ResetCalibration)
    ADC_SoftwareStartConvCmd                 0x08000d97   Thumb Code    22  stm32f10x_adc.o(i.ADC_SoftwareStartConvCmd)
    ADC_StartCalibration                     0x08000dad   Thumb Code    10  stm32f10x_adc.o(i.ADC_StartCalibration)
    AD_Init                                  0x08000db9   Thumb Code   198  adc.o(i.AD_Init)
    BEEP_OFF                                 0x08000e89   Thumb Code    12  beep.o(i.BEEP_OFF)
    BEEP_ON                                  0x08000e99   Thumb Code    12  beep.o(i.BEEP_ON)
    Beep_Init                                0x08000ea9   Thumb Code    46  beep.o(i.Beep_Init)
    BusFault_Handler                         0x08000edd   Thumb Code     4  stm32f10x_it.o(i.BusFault_Handler)
    DHT11_Init                               0x08000ee1   Thumb Code    12  dht11.o(i.DHT11_Init)
    DHT11_Read_Byte                          0x08000eed   Thumb Code   144  dht11.o(i.DHT11_Read_Byte)
    DHT11_Read_data                          0x08000f85   Thumb Code   132  dht11.o(i.DHT11_Read_data)
    DHT_Mode                                 0x08001009   Thumb Code    56  dht11.o(i.DHT_Mode)
    DHT_Sends_Response                       0x08001045   Thumb Code   100  dht11.o(i.DHT_Sends_Response)
    DHT_Sends_Start                          0x080010b1   Thumb Code    42  dht11.o(i.DHT_Sends_Start)
    DMA_Cmd                                  0x080010e1   Thumb Code    24  stm32f10x_dma.o(i.DMA_Cmd)
    DMA_Init                                 0x080010f9   Thumb Code    60  stm32f10x_dma.o(i.DMA_Init)
    DebugMon_Handler                         0x08001135   Thumb Code     2  stm32f10x_it.o(i.DebugMon_Handler)
    Delay_ms                                 0x08001137   Thumb Code    24  timerdelay.o(i.Delay_ms)
    Delay_us                                 0x0800114f   Thumb Code   114  timerdelay.o(i.Delay_us)
    DriectMemoryAccess_Init                  0x080011c1   Thumb Code    86  adc.o(i.DriectMemoryAccess_Init)
    ESP8266_Send                             0x08001225   Thumb Code    34  serial.o(i.ESP8266_Send)
    EXTI15_10_IRQHandler                     0x08001261   Thumb Code    68  key.o(i.EXTI15_10_IRQHandler)
    EXTI4_IRQHandler                         0x080012b1   Thumb Code    36  speed.o(i.EXTI4_IRQHandler)
    EXTI9_5_IRQHandler                       0x080012d9   Thumb Code    24  beep.o(i.EXTI9_5_IRQHandler)
    EXTI_ClearITPendingBit                   0x080012f5   Thumb Code     6  stm32f10x_exti.o(i.EXTI_ClearITPendingBit)
    EXTI_GetITStatus                         0x08001301   Thumb Code    34  stm32f10x_exti.o(i.EXTI_GetITStatus)
    EXTI_Init                                0x08001329   Thumb Code   142  stm32f10x_exti.o(i.EXTI_Init)
    GPIO_EXTILineConfig                      0x080013bd   Thumb Code    60  stm32f10x_gpio.o(i.GPIO_EXTILineConfig)
    GPIO_Init                                0x080013fd   Thumb Code   278  stm32f10x_gpio.o(i.GPIO_Init)
    GPIO_ReadInputDataBit                    0x08001513   Thumb Code    18  stm32f10x_gpio.o(i.GPIO_ReadInputDataBit)
    GPIO_ResetBits                           0x08001525   Thumb Code     4  stm32f10x_gpio.o(i.GPIO_ResetBits)
    GPIO_SetBits                             0x08001529   Thumb Code     4  stm32f10x_gpio.o(i.GPIO_SetBits)
    HCSR504_Init                             0x0800152d   Thumb Code   114  beep.o(i.HCSR504_Init)
    HardFault_Handler                        0x080015a5   Thumb Code     4  stm32f10x_it.o(i.HardFault_Handler)
    I2C_Start                                0x080015a9   Thumb Code    56  oled.o(i.I2C_Start)
    I2C_Stop                                 0x080015e5   Thumb Code    38  oled.o(i.I2C_Stop)
    I2C_WaitAck                              0x08001611   Thumb Code    46  oled.o(i.I2C_WaitAck)
    IIC_delay                                0x08001645   Thumb Code    16  oled.o(i.IIC_delay)
    KeyIT_Init                               0x08001655   Thumb Code   114  key.o(i.KeyIT_Init)
    LED6_OFF                                 0x080016cd   Thumb Code    12  led.o(i.LED6_OFF)
    LED6_ON                                  0x080016dd   Thumb Code    12  led.o(i.LED6_ON)
    LED_Init                                 0x080016ed   Thumb Code    42  led.o(i.LED_Init)
    MQ5_CalPPM                               0x0800171d   Thumb Code   104  mq-5.o(i.MQ5_CalPPM)
    MQ5_CalRs                                0x08001789   Thumb Code    62  mq-5.o(i.MQ5_CalRs)
    MQ5_GetVolt                              0x080017d1   Thumb Code    60  mq-5.o(i.MQ5_GetVolt)
    MemManage_Handler                        0x08001819   Thumb Code     4  stm32f10x_it.o(i.MemManage_Handler)
    Mortor_Init                              0x0800181d   Thumb Code    42  mortor.o(i.Mortor_Init)
    Mortor_OFF                               0x0800184d   Thumb Code   148  mortor.o(i.Mortor_OFF)
    Mortor_ON                                0x080018f9   Thumb Code   146  mortor.o(i.Mortor_ON)
    NMI_Handler                              0x080019a5   Thumb Code     2  stm32f10x_it.o(i.NMI_Handler)
    NVIC_Init                                0x080019a9   Thumb Code   100  misc.o(i.NVIC_Init)
    NVIC_PriorityGroupConfig                 0x08001a19   Thumb Code    10  misc.o(i.NVIC_PriorityGroupConfig)
    OLED_Clear                               0x08001a2d   Thumb Code    36  oled.o(i.OLED_Clear)
    OLED_DrawPoint                           0x08001a55   Thumb Code   114  oled.o(i.OLED_DrawPoint)
    OLED_Init                                0x08001acd   Thumb Code   308  oled.o(i.OLED_Init)
    OLED_Pow                                 0x08001c05   Thumb Code    22  oled.o(i.OLED_Pow)
    OLED_Refresh                             0x08001c1d   Thumb Code    96  oled.o(i.OLED_Refresh)
    OLED_ShowChar                            0x08001c81   Thumb Code   300  oled.o(i.OLED_ShowChar)
    OLED_ShowNum                             0x08001dbd   Thumb Code   140  oled.o(i.OLED_ShowNum)
    OLED_ShowString                          0x08001e49   Thumb Code    74  oled.o(i.OLED_ShowString)
    OLED_WR_Byte                             0x08001e93   Thumb Code    56  oled.o(i.OLED_WR_Byte)
    PWM_Init                                 0x08001ecd   Thumb Code   140  pwm.o(i.PWM_Init)
    PWM_SetCompare3                          0x08001f61   Thumb Code    14  pwm.o(i.PWM_SetCompare3)
    RCC_ADCCLKConfig                         0x08001f75   Thumb Code    18  stm32f10x_rcc.o(i.RCC_ADCCLKConfig)
    RCC_AHBPeriphClockCmd                    0x08001f8d   Thumb Code    26  stm32f10x_rcc.o(i.RCC_AHBPeriphClockCmd)
    RCC_APB1PeriphClockCmd                   0x08001fad   Thumb Code    26  stm32f10x_rcc.o(i.RCC_APB1PeriphClockCmd)
    RCC_APB2PeriphClockCmd                   0x08001fcd   Thumb Code    26  stm32f10x_rcc.o(i.RCC_APB2PeriphClockCmd)
    RCC_GetClocksFreq                        0x08001fed   Thumb Code   192  stm32f10x_rcc.o(i.RCC_GetClocksFreq)
    Send_Byte                                0x080020c1   Thumb Code    78  oled.o(i.Send_Byte)
    Serial_Init                              0x08002115   Thumb Code   178  serial.o(i.Serial_Init)
    SpeedIT_Init                             0x080022b9   Thumb Code   110  speed.o(i.SpeedIT_Init)
    SysTick_Handler                          0x0800232d   Thumb Code    46  port.o(i.SysTick_Handler)
    SystemInit                               0x08002361   Thumb Code    78  system_stm32f10x.o(i.SystemInit)
    TIM_Cmd                                  0x080023c1   Thumb Code    24  stm32f10x_tim.o(i.TIM_Cmd)
    TIM_GetCounter                           0x080023d9   Thumb Code     6  stm32f10x_tim.o(i.TIM_GetCounter)
    TIM_InternalClockConfig                  0x080023df   Thumb Code    12  stm32f10x_tim.o(i.TIM_InternalClockConfig)
    TIM_OC3Init                              0x080023ed   Thumb Code   150  stm32f10x_tim.o(i.TIM_OC3Init)
    TIM_OCStructInit                         0x0800248d   Thumb Code    20  stm32f10x_tim.o(i.TIM_OCStructInit)
    TIM_SetCompare3                          0x080024a1   Thumb Code     4  stm32f10x_tim.o(i.TIM_SetCompare3)
    TIM_SetCounter                           0x080024a5   Thumb Code     4  stm32f10x_tim.o(i.TIM_SetCounter)
    TIM_TimeBaseInit                         0x080024a9   Thumb Code   122  stm32f10x_tim.o(i.TIM_TimeBaseInit)
    TaskCallBack_OffShake                    0x0800254d   Thumb Code    12  main.o(i.TaskCallBack_OffShake)
    TaskCallBack_Speed                       0x0800255d   Thumb Code    62  main.o(i.TaskCallBack_Speed)
    TaskCallBack_Upload                      0x080025b9   Thumb Code     8  main.o(i.TaskCallBack_Upload)
    Task_Alarm                               0x080025c5   Thumb Code    76  main.o(i.Task_Alarm)
    Task_ConnectWIFI                         0x08002625   Thumb Code   148  main.o(i.Task_ConnectWIFI)
    Task_DHT11_GetData                       0x08002715   Thumb Code    24  main.o(i.Task_DHT11_GetData)
    Task_Delay                               0x0800273d   Thumb Code    32  main.o(i.Task_Delay)
    Task_GetData                             0x08002765   Thumb Code   240  main.o(i.Task_GetData)
    Task_Monitor                             0x08002891   Thumb Code   486  main.o(i.Task_Monitor)
    Task_Mortor_OFF                          0x08002af9   Thumb Code    16  main.o(i.Task_Mortor_OFF)
    Task_Mortor_ON                           0x08002b09   Thumb Code    16  main.o(i.Task_Mortor_ON)
    Task_ShowData                            0x08002b19   Thumb Code   196  main.o(i.Task_ShowData)
    Task_Treshold                            0x08002be1   Thumb Code   372  main.o(i.Task_Treshold)
    USART1_IRQHandler                        0x08002d8d   Thumb Code   156  serial.o(i.USART1_IRQHandler)
    USART_Cmd                                0x08002e49   Thumb Code    24  stm32f10x_usart.o(i.USART_Cmd)
    USART_GetFlagStatus                      0x08002e61   Thumb Code    26  stm32f10x_usart.o(i.USART_GetFlagStatus)
    USART_GetITStatus                        0x08002e7b   Thumb Code    84  stm32f10x_usart.o(i.USART_GetITStatus)
    USART_ITConfig                           0x08002ecf   Thumb Code    74  stm32f10x_usart.o(i.USART_ITConfig)
    USART_Init                               0x08002f19   Thumb Code   210  stm32f10x_usart.o(i.USART_Init)
    USART_ReceiveData                        0x08002ff1   Thumb Code    10  stm32f10x_usart.o(i.USART_ReceiveData)
    USART_SendData                           0x08002ffb   Thumb Code     8  stm32f10x_usart.o(i.USART_SendData)
    UsageFault_Handler                       0x08003003   Thumb Code     4  stm32f10x_it.o(i.UsageFault_Handler)
    __0printf                                0x08003009   Thumb Code    22  printfa.o(i.__0printf)
    __1printf                                0x08003009   Thumb Code     0  printfa.o(i.__0printf)
    __2printf                                0x08003009   Thumb Code     0  printfa.o(i.__0printf)
    __c89printf                              0x08003009   Thumb Code     0  printfa.o(i.__0printf)
    printf                                   0x08003009   Thumb Code     0  printfa.o(i.__0printf)
    __ARM_fpclassify                         0x08003029   Thumb Code    40  fpclassify.o(i.__ARM_fpclassify)
    __kernel_poly                            0x08003051   Thumb Code   170  poly.o(i.__kernel_poly)
    __mathlib_dbl_divzero                    0x080030fd   Thumb Code    12  dunder.o(i.__mathlib_dbl_divzero)
    __mathlib_dbl_infnan2                    0x0800310d   Thumb Code     4  dunder.o(i.__mathlib_dbl_infnan2)
    __mathlib_dbl_invalid                    0x08003111   Thumb Code    12  dunder.o(i.__mathlib_dbl_invalid)
    __mathlib_dbl_overflow                   0x0800311d   Thumb Code    14  dunder.o(i.__mathlib_dbl_overflow)
    __mathlib_dbl_underflow                  0x0800312d   Thumb Code    10  dunder.o(i.__mathlib_dbl_underflow)
    __scatterload_copy                       0x0800313d   Thumb Code    14  handlers.o(i.__scatterload_copy)
    __scatterload_null                       0x0800314b   Thumb Code     2  handlers.o(i.__scatterload_null)
    __scatterload_zeroinit                   0x0800314d   Thumb Code    14  handlers.o(i.__scatterload_zeroinit)
    __set_errno                              0x0800315d   Thumb Code     6  errno.o(i.__set_errno)
    fputc                                    0x080039f5   Thumb Code    32  serial.o(i.fputc)
    main                                     0x08003a19   Thumb Code   332  main.o(i.main)
    pow                                      0x08003c25   Thumb Code  2512  pow.o(i.pow)
    pvPortMalloc                             0x08004f7d   Thumb Code   234  heap_4.o(i.pvPortMalloc)
    pvTaskIncrementMutexHeldCount            0x0800507d   Thumb Code    26  tasks.o(i.pvTaskIncrementMutexHeldCount)
    pxPortInitialiseStack                    0x0800509d   Thumb Code    30  port.o(i.pxPortInitialiseStack)
    sqrt                                     0x080050c1   Thumb Code    76  sqrt.o(i.sqrt)
    trunc                                    0x0800510d   Thumb Code    96  trunc.o(i.trunc)
    uxListRemove                             0x08005171   Thumb Code    40  list.o(i.uxListRemove)
    uxTaskGetNumberOfTasks                   0x08005199   Thumb Code     6  tasks.o(i.uxTaskGetNumberOfTasks)
    vListInitialise                          0x080051a5   Thumb Code    26  list.o(i.vListInitialise)
    vListInitialiseItem                      0x080051bf   Thumb Code     6  list.o(i.vListInitialiseItem)
    vListInsert                              0x080051c5   Thumb Code    52  list.o(i.vListInsert)
    vListInsertEnd                           0x080051f9   Thumb Code    24  list.o(i.vListInsertEnd)
    vPortEnterCritical                       0x08005211   Thumb Code    30  port.o(i.vPortEnterCritical)
    vPortExitCritical                        0x08005235   Thumb Code    28  port.o(i.vPortExitCritical)
    vPortFree                                0x08005255   Thumb Code    68  heap_4.o(i.vPortFree)
    vPortSetupTimerInterrupt                 0x080052a1   Thumb Code    20  port.o(i.vPortSetupTimerInterrupt)
    vQueueDelete                             0x080052b9   Thumb Code    14  queue.o(i.vQueueDelete)
    vQueueWaitForMessageRestricted           0x080052c7   Thumb Code    74  queue.o(i.vQueueWaitForMessageRestricted)
    vTaskDelay                               0x08005311   Thumb Code    46  tasks.o(i.vTaskDelay)
    vTaskDelete                              0x08005345   Thumb Code   178  tasks.o(i.vTaskDelete)
    vTaskInternalSetTimeOutState             0x0800541d   Thumb Code    14  tasks.o(i.vTaskInternalSetTimeOutState)
    vTaskMissedYield                         0x08005435   Thumb Code     8  tasks.o(i.vTaskMissedYield)
    vTaskPlaceOnEventList                    0x08005441   Thumb Code    28  tasks.o(i.vTaskPlaceOnEventList)
    vTaskPlaceOnEventListRestricted          0x08005461   Thumb Code    74  tasks.o(i.vTaskPlaceOnEventListRestricted)
    vTaskPriorityDisinheritAfterTimeout      0x080054b1   Thumb Code   210  tasks.o(i.vTaskPriorityDisinheritAfterTimeout)
    vTaskStartScheduler                      0x0800558d   Thumb Code    86  tasks.o(i.vTaskStartScheduler)
    vTaskSuspendAll                          0x08005605   Thumb Code    12  tasks.o(i.vTaskSuspendAll)
    vTaskSwitchContext                       0x08005615   Thumb Code    80  tasks.o(i.vTaskSwitchContext)
    xPortStartScheduler                      0x08005679   Thumb Code    42  port.o(i.xPortStartScheduler)
    xQueueCreateMutex                        0x080056ad   Thumb Code    34  queue.o(i.xQueueCreateMutex)
    xQueueGenericCreate                      0x080056cf   Thumb Code    76  queue.o(i.xQueueGenericCreate)
    xQueueGenericReset                       0x0800571d   Thumb Code   156  queue.o(i.xQueueGenericReset)
    xQueueGenericSend                        0x080057bd   Thumb Code   276  queue.o(i.xQueueGenericSend)
    xQueueGenericSendFromISR                 0x080058d5   Thumb Code   154  queue.o(i.xQueueGenericSendFromISR)
    xQueueReceive                            0x08005971   Thumb Code   256  queue.o(i.xQueueReceive)
    xQueueSemaphoreTake                      0x08005a75   Thumb Code   300  queue.o(i.xQueueSemaphoreTake)
    xTaskCheckForTimeOut                     0x08005ba5   Thumb Code    88  tasks.o(i.xTaskCheckForTimeOut)
    xTaskCreate                              0x08005c05   Thumb Code   104  tasks.o(i.xTaskCreate)
    xTaskGetSchedulerState                   0x08005c6d   Thumb Code    24  tasks.o(i.xTaskGetSchedulerState)
    xTaskGetTickCount                        0x08005c8d   Thumb Code     6  tasks.o(i.xTaskGetTickCount)
    xTaskGetTickCountFromISR                 0x08005c99   Thumb Code     8  tasks.o(i.xTaskGetTickCountFromISR)
    xTaskIncrementTick                       0x08005ca5   Thumb Code   372  tasks.o(i.xTaskIncrementTick)
    xTaskPriorityDisinherit                  0x08005e45   Thumb Code   170  tasks.o(i.xTaskPriorityDisinherit)
    xTaskPriorityInherit                     0x08005ef9   Thumb Code   230  tasks.o(i.xTaskPriorityInherit)
    xTaskRemoveFromEventList                 0x08005fed   Thumb Code   256  tasks.o(i.xTaskRemoveFromEventList)
    xTaskResumeAll                           0x08006105   Thumb Code   326  tasks.o(i.xTaskResumeAll)
    xTimerCreate                             0x08006271   Thumb Code    54  timers.o(i.xTimerCreate)
    xTimerCreateTimerTask                    0x080062a9   Thumb Code    40  timers.o(i.xTimerCreateTimerTask)
    xTimerGenericCommand                     0x080062e5   Thumb Code   102  timers.o(i.xTimerGenericCommand)
    asc2_0806                                0x08006350   Data         552  oled.o(.constdata)
    asc2_1206                                0x08006578   Data        1140  oled.o(.constdata)
    asc2_1608                                0x080069ec   Data        1520  oled.o(.constdata)
    asc2_2412                                0x08006fdc   Data        3420  oled.o(.constdata)
    Hzk1                                     0x08007d38   Data         384  oled.o(.constdata)
    Hzk2                                     0x08007eb8   Data         288  oled.o(.constdata)
    Hzk3                                     0x08007fd8   Data           0  oled.o(.constdata)
    Hzk4                                     0x08007fd9   Data           0  oled.o(.constdata)
    __mathlib_zero                           0x08008068   Data           8  qnan.o(.constdata)
    Region$$Table$$Base                      0x0800808c   Number         0  anon$$obj.o(Region$$Table)
    Region$$Table$$Limit                     0x080080ac   Number         0  anon$$obj.o(Region$$Table)
    window                                   0x20000014   Data           1  main.o(.data)
    flag                                     0x20000015   Data           1  main.o(.data)
    wifi                                     0x20000016   Data           1  main.o(.data)
    hc                                       0x20000017   Data           1  main.o(.data)
    upload                                   0x20000018   Data           1  main.o(.data)
    serial                                   0x20000019   Data           1  main.o(.data)
    OffShakeTim                              0x20000030   Data           4  main.o(.data)
    ProductID                                0x20000034   Data           4  main.o(.data)
    DeviceID                                 0x20000038   Data           4  main.o(.data)
    Device_AuthID                            0x2000003c   Data           4  main.o(.data)
    Wind_Threshold                           0x20000040   Data           1  main.o(.data)
    Sun_Threshold                            0x20000042   Data           2  main.o(.data)
    Night_Threshold                          0x20000044   Data           2  main.o(.data)
    PPM_Threshold                            0x20000046   Data           1  main.o(.data)
    Rain_Threshold                           0x20000048   Data           2  main.o(.data)
    threshold                                0x2000004a   Data           1  main.o(.data)
    pxCurrentTCB                             0x2000004c   Data           4  tasks.o(.data)
    uxTopUsedPriority                        0x20000084   Data           4  tasks.o(.data)
    pRxPacket                                0x200000c0   Data           4  serial.o(.data)
    ADC_vaule                                0x200000c4   Data           8  adc.o(.data)
    count                                    0x200000cc   Data           1  dht11.o(.data)
    humi                                     0x200000cd   Data           1  dht11.o(.data)
    temp                                     0x200000ce   Data           1  dht11.o(.data)
    dechumi                                  0x200000cf   Data           1  dht11.o(.data)
    dectemp                                  0x200000d0   Data           1  dht11.o(.data)
    RatioMQ5CleanAir                         0x200000d4   Data           4  mq-5.o(.data)
    Volt_Resolution                          0x200000d8   Data           4  mq-5.o(.data)
    RL                                       0x200000dc   Data           4  mq-5.o(.data)
    R0                                       0x200000e0   Data           4  mq-5.o(.data)
    Count                                    0x200000e4   Data           4  speed.o(.data)
    Round                                    0x200000e8   Data           2  speed.o(.data)
    Velocity                                 0x200000ec   Data           4  speed.o(.data)
    key                                      0x200000f0   Data           1  key.o(.data)
    __stdout                                 0x200000f4   Data           4  stdout.o(.data)
    WindowData                               0x200000fc   Data          10  main.o(.bss)
    Serial_RxPacket                          0x200045f8   Data         500  serial.o(.bss)
    OLED_GRAM                                0x200047ec   Data         400  oled.o(.bss)
    __initial_sp                             0x20004d80   Data           0  startup_stm32f10x_md.o(STACK)



==============================================================================

Memory Map of the image

  Image Entry point : 0x0800019d

  Load Region LR_1 (Base: 0x08000000, Size: 0x000081a8, Max: 0xffffffff, ABSOLUTE)

    Execution Region ER_RO (Exec base: 0x08000000, Load base: 0x08000000, Size: 0x000080ac, Max: 0xffffffff, ABSOLUTE)

    Exec Addr    Load Addr    Size         Type   Attr      Idx    E Section Name        Object

    0x08000000   0x08000000   0x000000ec   Data   RO          121    RESET               startup_stm32f10x_md.o
    0x080000ec   0x080000ec   0x00000000   Code   RO         5194  * .ARM.Collect$$$$00000000  mc_w.l(entry.o)
    0x080000ec   0x080000ec   0x00000004   Code   RO         5525    .ARM.Collect$$$$00000001  mc_w.l(entry2.o)
    0x080000f0   0x080000f0   0x00000004   Code   RO         5528    .ARM.Collect$$$$00000004  mc_w.l(entry5.o)
    0x080000f4   0x080000f4   0x00000000   Code   RO         5530    .ARM.Collect$$$$00000008  mc_w.l(entry7b.o)
    0x080000f4   0x080000f4   0x00000000   Code   RO         5532    .ARM.Collect$$$$0000000A  mc_w.l(entry8b.o)
    0x080000f4   0x080000f4   0x00000008   Code   RO         5533    .ARM.Collect$$$$0000000B  mc_w.l(entry9a.o)
    0x080000fc   0x080000fc   0x00000004   Code   RO         5540    .ARM.Collect$$$$0000000E  mc_w.l(entry12b.o)
    0x08000100   0x08000100   0x00000000   Code   RO         5535    .ARM.Collect$$$$0000000F  mc_w.l(entry10a.o)
    0x08000100   0x08000100   0x00000000   Code   RO         5537    .ARM.Collect$$$$00000011  mc_w.l(entry11a.o)
    0x08000100   0x08000100   0x00000004   Code   RO         5526    .ARM.Collect$$$$00002712  mc_w.l(entry2.o)
    0x08000104   0x08000104   0x00000096   Code   RO         4410    .emb_text           port.o
    0x0800019a   0x0800019a   0x00000002   PAD
    0x0800019c   0x0800019c   0x00000024   Code   RO          122  * .text               startup_stm32f10x_md.o
    0x080001c0   0x080001c0   0x00000024   Code   RO         5197    .text               mc_w.l(memcpya.o)
    0x080001e4   0x080001e4   0x00000024   Code   RO         5199    .text               mc_w.l(memseta.o)
    0x08000208   0x08000208   0x00000024   Code   RO         5201    .text               mc_w.l(strstr.o)
    0x0800022c   0x0800022c   0x000000b0   Code   RO         5468    .text               mf_w.l(fadd.o)
    0x080002dc   0x080002dc   0x00000064   Code   RO         5470    .text               mf_w.l(fmul.o)
    0x08000340   0x08000340   0x0000007c   Code   RO         5472    .text               mf_w.l(fdiv.o)
    0x080003bc   0x080003bc   0x0000014e   Code   RO         5474    .text               mf_w.l(dadd.o)
    0x0800050a   0x0800050a   0x000000e4   Code   RO         5476    .text               mf_w.l(dmul.o)
    0x080005ee   0x080005ee   0x000000de   Code   RO         5478    .text               mf_w.l(ddiv.o)
    0x080006cc   0x080006cc   0x00000012   Code   RO         5480    .text               mf_w.l(fflti.o)
    0x080006de   0x080006de   0x0000000a   Code   RO         5482    .text               mf_w.l(ffltui.o)
    0x080006e8   0x080006e8   0x0000001a   Code   RO         5484    .text               mf_w.l(dfltui.o)
    0x08000702   0x08000702   0x0000003e   Code   RO         5488    .text               mf_w.l(dfixi.o)
    0x08000740   0x08000740   0x00000032   Code   RO         5490    .text               mf_w.l(dfixui.o)
    0x08000772   0x08000772   0x00000026   Code   RO         5492    .text               mf_w.l(f2d.o)
    0x08000798   0x08000798   0x00000038   Code   RO         5494    .text               mf_w.l(d2f.o)
    0x080007d0   0x080007d0   0x00000014   Code   RO         5496    .text               mf_w.l(cfcmple.o)
    0x080007e4   0x080007e4   0x0000002c   Code   RO         5542    .text               mc_w.l(uidiv.o)
    0x08000810   0x08000810   0x00000062   Code   RO         5544    .text               mc_w.l(uldiv.o)
    0x08000872   0x08000872   0x0000001e   Code   RO         5546    .text               mc_w.l(llshl.o)
    0x08000890   0x08000890   0x00000020   Code   RO         5548    .text               mc_w.l(llushr.o)
    0x080008b0   0x080008b0   0x00000024   Code   RO         5550    .text               mc_w.l(llsshr.o)
    0x080008d4   0x080008d4   0x00000000   Code   RO         5559    .text               mc_w.l(iusefp.o)
    0x080008d4   0x080008d4   0x0000006e   Code   RO         5560    .text               mf_w.l(fepilogue.o)
    0x08000942   0x08000942   0x000000ba   Code   RO         5562    .text               mf_w.l(depilogue.o)
    0x080009fc   0x080009fc   0x0000002e   Code   RO         5564    .text               mf_w.l(dscalb.o)
    0x08000a2a   0x08000a2a   0x00000002   PAD
    0x08000a2c   0x08000a2c   0x00000088   Code   RO         5566    .text               mf_w.l(drnd.o)
    0x08000ab4   0x08000ab4   0x00000022   Code   RO         5568    .text               mf_w.l(dflti.o)
    0x08000ad6   0x08000ad6   0x00000030   Code   RO         5570    .text               mf_w.l(dfixul.o)
    0x08000b06   0x08000b06   0x00000002   PAD
    0x08000b08   0x08000b08   0x00000030   Code   RO         5572    .text               mf_w.l(cdcmple.o)
    0x08000b38   0x08000b38   0x00000030   Code   RO         5574    .text               mf_w.l(cdrcmple.o)
    0x08000b68   0x08000b68   0x00000024   Code   RO         5576    .text               mc_w.l(init.o)
    0x08000b8c   0x08000b8c   0x000000a2   Code   RO         5578    .text               mf_w.l(dsqrt.o)
    0x08000c2e   0x08000c2e   0x00000016   Code   RO          202    i.ADC_Cmd           stm32f10x_adc.o
    0x08000c44   0x08000c44   0x00000016   Code   RO          203    i.ADC_DMACmd        stm32f10x_adc.o
    0x08000c5a   0x08000c5a   0x00000014   Code   RO          210    i.ADC_GetCalibrationStatus  stm32f10x_adc.o
    0x08000c6e   0x08000c6e   0x00000014   Code   RO          216    i.ADC_GetResetCalibrationStatus  stm32f10x_adc.o
    0x08000c82   0x08000c82   0x00000002   PAD
    0x08000c84   0x08000c84   0x00000050   Code   RO          220    i.ADC_Init          stm32f10x_adc.o
    0x08000cd4   0x08000cd4   0x000000b8   Code   RO          224    i.ADC_RegularChannelConfig  stm32f10x_adc.o
    0x08000d8c   0x08000d8c   0x0000000a   Code   RO          225    i.ADC_ResetCalibration  stm32f10x_adc.o
    0x08000d96   0x08000d96   0x00000016   Code   RO          227    i.ADC_SoftwareStartConvCmd  stm32f10x_adc.o
    0x08000dac   0x08000dac   0x0000000a   Code   RO          229    i.ADC_StartCalibration  stm32f10x_adc.o
    0x08000db6   0x08000db6   0x00000002   PAD
    0x08000db8   0x08000db8   0x000000d0   Code   RO         4926    i.AD_Init           adc.o
    0x08000e88   0x08000e88   0x00000010   Code   RO         5001    i.BEEP_OFF          beep.o
    0x08000e98   0x08000e98   0x00000010   Code   RO         5002    i.BEEP_ON           beep.o
    0x08000ea8   0x08000ea8   0x00000034   Code   RO         5004    i.Beep_Init         beep.o
    0x08000edc   0x08000edc   0x00000004   Code   RO         3387    i.BusFault_Handler  stm32f10x_it.o
    0x08000ee0   0x08000ee0   0x0000000c   Code   RO         4953    i.DHT11_Init        dht11.o
    0x08000eec   0x08000eec   0x00000098   Code   RO         4954    i.DHT11_Read_Byte   dht11.o
    0x08000f84   0x08000f84   0x00000084   Code   RO         4955    i.DHT11_Read_data   dht11.o
    0x08001008   0x08001008   0x0000003c   Code   RO         4956    i.DHT_Mode          dht11.o
    0x08001044   0x08001044   0x0000006c   Code   RO         4957    i.DHT_Sends_Response  dht11.o
    0x080010b0   0x080010b0   0x00000030   Code   RO         4958    i.DHT_Sends_Start   dht11.o
    0x080010e0   0x080010e0   0x00000018   Code   RO          911    i.DMA_Cmd           stm32f10x_dma.o
    0x080010f8   0x080010f8   0x0000003c   Code   RO          917    i.DMA_Init          stm32f10x_dma.o
    0x08001134   0x08001134   0x00000002   Code   RO         3388    i.DebugMon_Handler  stm32f10x_it.o
    0x08001136   0x08001136   0x00000018   Code   RO         4568    i.Delay_ms          timerdelay.o
    0x0800114e   0x0800114e   0x00000072   Code   RO         4570    i.Delay_us          timerdelay.o
    0x080011c0   0x080011c0   0x00000064   Code   RO         4928    i.DriectMemoryAccess_Init  adc.o
    0x08001224   0x08001224   0x0000003c   Code   RO         4481    i.ESP8266_Send      serial.o
    0x08001260   0x08001260   0x00000050   Code   RO         5148    i.EXTI15_10_IRQHandler  key.o
    0x080012b0   0x080012b0   0x00000028   Code   RO         5078    i.EXTI4_IRQHandler  speed.o
    0x080012d8   0x080012d8   0x0000001c   Code   RO         5005    i.EXTI9_5_IRQHandler  beep.o
    0x080012f4   0x080012f4   0x0000000c   Code   RO          985    i.EXTI_ClearITPendingBit  stm32f10x_exti.o
    0x08001300   0x08001300   0x00000028   Code   RO          989    i.EXTI_GetITStatus  stm32f10x_exti.o
    0x08001328   0x08001328   0x00000094   Code   RO          990    i.EXTI_Init         stm32f10x_exti.o
    0x080013bc   0x080013bc   0x00000040   Code   RO         1344    i.GPIO_EXTILineConfig  stm32f10x_gpio.o
    0x080013fc   0x080013fc   0x00000116   Code   RO         1347    i.GPIO_Init         stm32f10x_gpio.o
    0x08001512   0x08001512   0x00000012   Code   RO         1351    i.GPIO_ReadInputDataBit  stm32f10x_gpio.o
    0x08001524   0x08001524   0x00000004   Code   RO         1354    i.GPIO_ResetBits    stm32f10x_gpio.o
    0x08001528   0x08001528   0x00000004   Code   RO         1355    i.GPIO_SetBits      stm32f10x_gpio.o
    0x0800152c   0x0800152c   0x00000078   Code   RO         5006    i.HCSR504_Init      beep.o
    0x080015a4   0x080015a4   0x00000004   Code   RO         3389    i.HardFault_Handler  stm32f10x_it.o
    0x080015a8   0x080015a8   0x0000003c   Code   RO         4733    i.I2C_Start         oled.o
    0x080015e4   0x080015e4   0x0000002c   Code   RO         4734    i.I2C_Stop          oled.o
    0x08001610   0x08001610   0x00000034   Code   RO         4735    i.I2C_WaitAck       oled.o
    0x08001644   0x08001644   0x00000010   Code   RO         4736    i.IIC_delay         oled.o
    0x08001654   0x08001654   0x00000078   Code   RO         5149    i.KeyIT_Init        key.o
    0x080016cc   0x080016cc   0x00000010   Code   RO         4606    i.LED6_OFF          led.o
    0x080016dc   0x080016dc   0x00000010   Code   RO         4607    i.LED6_ON           led.o
    0x080016ec   0x080016ec   0x00000030   Code   RO         4612    i.LED_Init          led.o
    0x0800171c   0x0800171c   0x0000006c   Code   RO         5044    i.MQ5_CalPPM        mq-5.o
    0x08001788   0x08001788   0x00000048   Code   RO         5046    i.MQ5_CalRs         mq-5.o
    0x080017d0   0x080017d0   0x00000048   Code   RO         5047    i.MQ5_GetVolt       mq-5.o
    0x08001818   0x08001818   0x00000004   Code   RO         3390    i.MemManage_Handler  stm32f10x_it.o
    0x0800181c   0x0800181c   0x00000030   Code   RO         5099    i.Mortor_Init       mortor.o
    0x0800184c   0x0800184c   0x000000ac   Code   RO         5100    i.Mortor_OFF        mortor.o
    0x080018f8   0x080018f8   0x000000ac   Code   RO         5101    i.Mortor_ON         mortor.o
    0x080019a4   0x080019a4   0x00000002   Code   RO         3391    i.NMI_Handler       stm32f10x_it.o
    0x080019a6   0x080019a6   0x00000002   PAD
    0x080019a8   0x080019a8   0x00000070   Code   RO          137    i.NVIC_Init         misc.o
    0x08001a18   0x08001a18   0x00000014   Code   RO          138    i.NVIC_PriorityGroupConfig  misc.o
    0x08001a2c   0x08001a2c   0x00000028   Code   RO         4737    i.OLED_Clear        oled.o
    0x08001a54   0x08001a54   0x00000078   Code   RO         4745    i.OLED_DrawPoint    oled.o
    0x08001acc   0x08001acc   0x00000138   Code   RO         4746    i.OLED_Init         oled.o
    0x08001c04   0x08001c04   0x00000016   Code   RO         4747    i.OLED_Pow          oled.o
    0x08001c1a   0x08001c1a   0x00000002   PAD
    0x08001c1c   0x08001c1c   0x00000064   Code   RO         4748    i.OLED_Refresh      oled.o
    0x08001c80   0x08001c80   0x0000013c   Code   RO         4753    i.OLED_ShowChar     oled.o
    0x08001dbc   0x08001dbc   0x0000008c   Code   RO         4756    i.OLED_ShowNum      oled.o
    0x08001e48   0x08001e48   0x0000004a   Code   RO         4758    i.OLED_ShowString   oled.o
    0x08001e92   0x08001e92   0x00000038   Code   RO         4760    i.OLED_WR_Byte      oled.o
    0x08001eca   0x08001eca   0x00000002   PAD
    0x08001ecc   0x08001ecc   0x00000094   Code   RO         5130    i.PWM_Init          pwm.o
    0x08001f60   0x08001f60   0x00000014   Code   RO         5131    i.PWM_SetCompare3   pwm.o
    0x08001f74   0x08001f74   0x00000018   Code   RO         1773    i.RCC_ADCCLKConfig  stm32f10x_rcc.o
    0x08001f8c   0x08001f8c   0x00000020   Code   RO         1774    i.RCC_AHBPeriphClockCmd  stm32f10x_rcc.o
    0x08001fac   0x08001fac   0x00000020   Code   RO         1775    i.RCC_APB1PeriphClockCmd  stm32f10x_rcc.o
    0x08001fcc   0x08001fcc   0x00000020   Code   RO         1777    i.RCC_APB2PeriphClockCmd  stm32f10x_rcc.o
    0x08001fec   0x08001fec   0x000000d4   Code   RO         1785    i.RCC_GetClocksFreq  stm32f10x_rcc.o
    0x080020c0   0x080020c0   0x00000054   Code   RO         4761    i.Send_Byte         oled.o
    0x08002114   0x08002114   0x000000bc   Code   RO         4483    i.Serial_Init       serial.o
    0x080021d0   0x080021d0   0x00000008   Code   RO            1    i.SetSysClock       system_stm32f10x.o
    0x080021d8   0x080021d8   0x000000e0   Code   RO            2    i.SetSysClockTo72   system_stm32f10x.o
    0x080022b8   0x080022b8   0x00000074   Code   RO         5079    i.SpeedIT_Init      speed.o
    0x0800232c   0x0800232c   0x00000034   Code   RO         4411    i.SysTick_Handler   port.o
    0x08002360   0x08002360   0x00000060   Code   RO            4    i.SystemInit        system_stm32f10x.o
    0x080023c0   0x080023c0   0x00000018   Code   RO         2421    i.TIM_Cmd           stm32f10x_tim.o
    0x080023d8   0x080023d8   0x00000006   Code   RO         2440    i.TIM_GetCounter    stm32f10x_tim.o
    0x080023de   0x080023de   0x0000000c   Code   RO         2448    i.TIM_InternalClockConfig  stm32f10x_tim.o
    0x080023ea   0x080023ea   0x00000002   PAD
    0x080023ec   0x080023ec   0x000000a0   Code   RO         2460    i.TIM_OC3Init       stm32f10x_tim.o
    0x0800248c   0x0800248c   0x00000014   Code   RO         2468    i.TIM_OCStructInit  stm32f10x_tim.o
    0x080024a0   0x080024a0   0x00000004   Code   RO         2484    i.TIM_SetCompare3   stm32f10x_tim.o
    0x080024a4   0x080024a4   0x00000004   Code   RO         2486    i.TIM_SetCounter    stm32f10x_tim.o
    0x080024a8   0x080024a8   0x000000a4   Code   RO         2492    i.TIM_TimeBaseInit  stm32f10x_tim.o
    0x0800254c   0x0800254c   0x00000010   Code   RO         3196    i.TaskCallBack_OffShake  main.o
    0x0800255c   0x0800255c   0x0000005c   Code   RO         3197    i.TaskCallBack_Speed  main.o
    0x080025b8   0x080025b8   0x0000000c   Code   RO         3198    i.TaskCallBack_Upload  main.o
    0x080025c4   0x080025c4   0x00000060   Code   RO         3199    i.Task_Alarm        main.o
    0x08002624   0x08002624   0x000000f0   Code   RO         3200    i.Task_ConnectWIFI  main.o
    0x08002714   0x08002714   0x00000028   Code   RO         3201    i.Task_DHT11_GetData  main.o
    0x0800273c   0x0800273c   0x00000028   Code   RO         3202    i.Task_Delay        main.o
    0x08002764   0x08002764   0x0000012c   Code   RO         3203    i.Task_GetData      main.o
    0x08002890   0x08002890   0x00000268   Code   RO         3204    i.Task_Monitor      main.o
    0x08002af8   0x08002af8   0x00000010   Code   RO         3205    i.Task_Mortor_OFF   main.o
    0x08002b08   0x08002b08   0x00000010   Code   RO         3206    i.Task_Mortor_ON    main.o
    0x08002b18   0x08002b18   0x000000c8   Code   RO         3207    i.Task_ShowData     main.o
    0x08002be0   0x08002be0   0x000001ac   Code   RO         3208    i.Task_Treshold     main.o
    0x08002d8c   0x08002d8c   0x000000bc   Code   RO         4490    i.USART1_IRQHandler  serial.o
    0x08002e48   0x08002e48   0x00000018   Code   RO         2960    i.USART_Cmd         stm32f10x_usart.o
    0x08002e60   0x08002e60   0x0000001a   Code   RO         2963    i.USART_GetFlagStatus  stm32f10x_usart.o
    0x08002e7a   0x08002e7a   0x00000054   Code   RO         2964    i.USART_GetITStatus  stm32f10x_usart.o
    0x08002ece   0x08002ece   0x0000004a   Code   RO         2966    i.USART_ITConfig    stm32f10x_usart.o
    0x08002f18   0x08002f18   0x000000d8   Code   RO         2967    i.USART_Init        stm32f10x_usart.o
    0x08002ff0   0x08002ff0   0x0000000a   Code   RO         2974    i.USART_ReceiveData  stm32f10x_usart.o
    0x08002ffa   0x08002ffa   0x00000008   Code   RO         2977    i.USART_SendData    stm32f10x_usart.o
    0x08003002   0x08003002   0x00000004   Code   RO         3392    i.UsageFault_Handler  stm32f10x_it.o
    0x08003006   0x08003006   0x00000002   PAD
    0x08003008   0x08003008   0x00000020   Code   RO         5440    i.__0printf         mc_w.l(printfa.o)
    0x08003028   0x08003028   0x00000028   Code   RO         5512    i.__ARM_fpclassify  m_ws.l(fpclassify.o)
    0x08003050   0x08003050   0x000000aa   Code   RO         5514    i.__kernel_poly     m_ws.l(poly.o)
    0x080030fa   0x080030fa   0x00000002   PAD
    0x080030fc   0x080030fc   0x00000010   Code   RO         5498    i.__mathlib_dbl_divzero  m_ws.l(dunder.o)
    0x0800310c   0x0800310c   0x00000004   Code   RO         5500    i.__mathlib_dbl_infnan2  m_ws.l(dunder.o)
    0x08003110   0x08003110   0x0000000c   Code   RO         5501    i.__mathlib_dbl_invalid  m_ws.l(dunder.o)
    0x0800311c   0x0800311c   0x0000000e   Code   RO         5502    i.__mathlib_dbl_overflow  m_ws.l(dunder.o)
    0x0800312a   0x0800312a   0x00000002   PAD
    0x0800312c   0x0800312c   0x00000010   Code   RO         5504    i.__mathlib_dbl_underflow  m_ws.l(dunder.o)
    0x0800313c   0x0800313c   0x0000000e   Code   RO         5582    i.__scatterload_copy  mc_w.l(handlers.o)
    0x0800314a   0x0800314a   0x00000002   Code   RO         5583    i.__scatterload_null  mc_w.l(handlers.o)
    0x0800314c   0x0800314c   0x0000000e   Code   RO         5584    i.__scatterload_zeroinit  mc_w.l(handlers.o)
    0x0800315a   0x0800315a   0x00000002   PAD
    0x0800315c   0x0800315c   0x0000000c   Code   RO         5554    i.__set_errno       mc_w.l(errno.o)
    0x08003168   0x08003168   0x00000184   Code   RO         5447    i._fp_digits        mc_w.l(printfa.o)
    0x080032ec   0x080032ec   0x000006b4   Code   RO         5448    i._printf_core      mc_w.l(printfa.o)
    0x080039a0   0x080039a0   0x00000024   Code   RO         5449    i._printf_post_padding  mc_w.l(printfa.o)
    0x080039c4   0x080039c4   0x0000002e   Code   RO         5450    i._printf_pre_padding  mc_w.l(printfa.o)
    0x080039f2   0x080039f2   0x00000002   PAD
    0x080039f4   0x080039f4   0x00000024   Code   RO         4491    i.fputc             serial.o
    0x08003a18   0x08003a18   0x0000020c   Code   RO         3209    i.main              main.o
    0x08003c24   0x08003c24   0x000009d8   Code   RO         5183    i.pow               m_ws.l(pow.o)
    0x080045fc   0x080045fc   0x000000c4   Code   RO         3871    i.prvAddCurrentTaskToDelayedList  tasks.o
    0x080046c0   0x080046c0   0x000000ec   Code   RO         3872    i.prvAddNewTaskToReadyList  tasks.o
    0x080047ac   0x080047ac   0x0000004c   Code   RO         4205    i.prvCheckForValidListAndQueue  timers.o
    0x080047f8   0x080047f8   0x00000048   Code   RO         3873    i.prvCheckTasksWaitingTermination  tasks.o
    0x08004840   0x08004840   0x0000002a   Code   RO         3566    i.prvCopyDataFromQueue  queue.o
    0x0800486a   0x0800486a   0x0000007e   Code   RO         3567    i.prvCopyDataToQueue  queue.o
    0x080048e8   0x080048e8   0x00000012   Code   RO         3874    i.prvDeleteTCB      tasks.o
    0x080048fa   0x080048fa   0x00000014   Code   RO         3568    i.prvGetDisinheritPriorityAfterTimeout  queue.o
    0x0800490e   0x0800490e   0x00000002   PAD
    0x08004910   0x08004910   0x00000028   Code   RO         4206    i.prvGetNextExpireTime  timers.o
    0x08004938   0x08004938   0x00000070   Code   RO         4349    i.prvHeapInit       heap_4.o
    0x080049a8   0x080049a8   0x00000028   Code   RO         3875    i.prvIdleTask       tasks.o
    0x080049d0   0x080049d0   0x0000001e   Code   RO         3569    i.prvInitialiseMutex  queue.o
    0x080049ee   0x080049ee   0x00000026   Code   RO         3570    i.prvInitialiseNewQueue  queue.o
    0x08004a14   0x08004a14   0x0000007c   Code   RO         3876    i.prvInitialiseNewTask  tasks.o
    0x08004a90   0x08004a90   0x00000038   Code   RO         4207    i.prvInitialiseNewTimer  timers.o
    0x08004ac8   0x08004ac8   0x00000068   Code   RO         3877    i.prvInitialiseTaskLists  tasks.o
    0x08004b30   0x08004b30   0x00000068   Code   RO         4350    i.prvInsertBlockIntoFreeList  heap_4.o
    0x08004b98   0x08004b98   0x00000058   Code   RO         4208    i.prvInsertTimerInActiveList  timers.o
    0x08004bf0   0x08004bf0   0x0000001a   Code   RO         3571    i.prvIsQueueEmpty   queue.o
    0x08004c0a   0x08004c0a   0x0000001e   Code   RO         3572    i.prvIsQueueFull    queue.o
    0x08004c28   0x08004c28   0x00000044   Code   RO         4209    i.prvProcessExpiredTimer  timers.o
    0x08004c6c   0x08004c6c   0x000000f8   Code   RO         4210    i.prvProcessReceivedCommands  timers.o
    0x08004d64   0x08004d64   0x00000074   Code   RO         4211    i.prvProcessTimerOrBlockTask  timers.o
    0x08004dd8   0x08004dd8   0x00000028   Code   RO         4212    i.prvReloadTimer    timers.o
    0x08004e00   0x08004e00   0x00000030   Code   RO         3878    i.prvResetNextTaskUnblockTime  tasks.o
    0x08004e30   0x08004e30   0x0000002c   Code   RO         4213    i.prvSampleTimeNow  timers.o
    0x08004e5c   0x08004e5c   0x0000002c   Code   RO         3210    i.prvSetupHardware  main.o
    0x08004e88   0x08004e88   0x00000044   Code   RO         4214    i.prvSwitchTimerLists  timers.o
    0x08004ecc   0x08004ecc   0x00000016   Code   RO         4412    i.prvTaskExitError  port.o
    0x08004ee2   0x08004ee2   0x0000001a   Code   RO         4215    i.prvTimerTask      timers.o
    0x08004efc   0x08004efc   0x0000007e   Code   RO         3573    i.prvUnlockQueue    queue.o
    0x08004f7a   0x08004f7a   0x00000002   PAD
    0x08004f7c   0x08004f7c   0x00000100   Code   RO         4352    i.pvPortMalloc      heap_4.o
    0x0800507c   0x0800507c   0x00000020   Code   RO         3880    i.pvTaskIncrementMutexHeldCount  tasks.o
    0x0800509c   0x0800509c   0x00000024   Code   RO         4413    i.pxPortInitialiseStack  port.o
    0x080050c0   0x080050c0   0x0000004c   Code   RO         5518    i.sqrt              m_ws.l(sqrt.o)
    0x0800510c   0x0800510c   0x00000064   Code   RO         5192    i.trunc             m_ws.l(trunc.o)
    0x08005170   0x08005170   0x00000028   Code   RO         3530    i.uxListRemove      list.o
    0x08005198   0x08005198   0x0000000c   Code   RO         3883    i.uxTaskGetNumberOfTasks  tasks.o
    0x080051a4   0x080051a4   0x0000001a   Code   RO         3531    i.vListInitialise   list.o
    0x080051be   0x080051be   0x00000006   Code   RO         3532    i.vListInitialiseItem  list.o
    0x080051c4   0x080051c4   0x00000034   Code   RO         3533    i.vListInsert       list.o
    0x080051f8   0x080051f8   0x00000018   Code   RO         3534    i.vListInsertEnd    list.o
    0x08005210   0x08005210   0x00000024   Code   RO         4415    i.vPortEnterCritical  port.o
    0x08005234   0x08005234   0x00000020   Code   RO         4416    i.vPortExitCritical  port.o
    0x08005254   0x08005254   0x0000004c   Code   RO         4353    i.vPortFree         heap_4.o
    0x080052a0   0x080052a0   0x00000018   Code   RO         4417    i.vPortSetupTimerInterrupt  port.o
    0x080052b8   0x080052b8   0x0000000e   Code   RO         3578    i.vQueueDelete      queue.o
    0x080052c6   0x080052c6   0x0000004a   Code   RO         3579    i.vQueueWaitForMessageRestricted  queue.o
    0x08005310   0x08005310   0x00000034   Code   RO         3887    i.vTaskDelay        tasks.o
    0x08005344   0x08005344   0x000000d8   Code   RO         3888    i.vTaskDelete       tasks.o
    0x0800541c   0x0800541c   0x00000018   Code   RO         3891    i.vTaskInternalSetTimeOutState  tasks.o
    0x08005434   0x08005434   0x0000000c   Code   RO         3892    i.vTaskMissedYield  tasks.o
    0x08005440   0x08005440   0x00000020   Code   RO         3893    i.vTaskPlaceOnEventList  tasks.o
    0x08005460   0x08005460   0x00000050   Code   RO         3894    i.vTaskPlaceOnEventListRestricted  tasks.o
    0x080054b0   0x080054b0   0x000000dc   Code   RO         3896    i.vTaskPriorityDisinheritAfterTimeout  tasks.o
    0x0800558c   0x0800558c   0x00000078   Code   RO         3901    i.vTaskStartScheduler  tasks.o
    0x08005604   0x08005604   0x00000010   Code   RO         3903    i.vTaskSuspendAll   tasks.o
    0x08005614   0x08005614   0x00000064   Code   RO         3904    i.vTaskSwitchContext  tasks.o
    0x08005678   0x08005678   0x00000034   Code   RO         4418    i.xPortStartScheduler  port.o
    0x080056ac   0x080056ac   0x00000022   Code   RO         3580    i.xQueueCreateMutex  queue.o
    0x080056ce   0x080056ce   0x0000004c   Code   RO         3581    i.xQueueGenericCreate  queue.o
    0x0800571a   0x0800571a   0x00000002   PAD
    0x0800571c   0x0800571c   0x000000a0   Code   RO         3582    i.xQueueGenericReset  queue.o
    0x080057bc   0x080057bc   0x00000118   Code   RO         3583    i.xQueueGenericSend  queue.o
    0x080058d4   0x080058d4   0x0000009a   Code   RO         3584    i.xQueueGenericSendFromISR  queue.o
    0x0800596e   0x0800596e   0x00000002   PAD
    0x08005970   0x08005970   0x00000104   Code   RO         3590    i.xQueueReceive     queue.o
    0x08005a74   0x08005a74   0x00000130   Code   RO         3592    i.xQueueSemaphoreTake  queue.o
    0x08005ba4   0x08005ba4   0x00000060   Code   RO         3906    i.xTaskCheckForTimeOut  tasks.o
    0x08005c04   0x08005c04   0x00000068   Code   RO         3907    i.xTaskCreate       tasks.o
    0x08005c6c   0x08005c6c   0x00000020   Code   RO         3914    i.xTaskGetSchedulerState  tasks.o
    0x08005c8c   0x08005c8c   0x0000000c   Code   RO         3915    i.xTaskGetTickCount  tasks.o
    0x08005c98   0x08005c98   0x0000000c   Code   RO         3916    i.xTaskGetTickCountFromISR  tasks.o
    0x08005ca4   0x08005ca4   0x000001a0   Code   RO         3917    i.xTaskIncrementTick  tasks.o
    0x08005e44   0x08005e44   0x000000b4   Code   RO         3918    i.xTaskPriorityDisinherit  tasks.o
    0x08005ef8   0x08005ef8   0x000000f4   Code   RO         3919    i.xTaskPriorityInherit  tasks.o
    0x08005fec   0x08005fec   0x00000118   Code   RO         3920    i.xTaskRemoveFromEventList  tasks.o
    0x08006104   0x08006104   0x0000016c   Code   RO         3921    i.xTaskResumeAll    tasks.o
    0x08006270   0x08006270   0x00000036   Code   RO         4220    i.xTimerCreate      timers.o
    0x080062a6   0x080062a6   0x00000002   PAD
    0x080062a8   0x080062a8   0x0000003c   Code   RO         4221    i.xTimerCreateTimerTask  timers.o
    0x080062e4   0x080062e4   0x0000006c   Code   RO         4222    i.xTimerGenericCommand  timers.o
    0x08006350   0x08006350   0x00001c8a   Data   RO         4763    .constdata          oled.o
    0x08007fda   0x08007fda   0x00000006   PAD
    0x08007fe0   0x08007fe0   0x00000088   Data   RO         5184    .constdata          m_ws.l(pow.o)
    0x08008068   0x08008068   0x00000008   Data   RO         5516    .constdata          m_ws.l(qnan.o)
    0x08008070   0x08008070   0x0000001b   Data   RO         3212    .conststring        main.o
    0x0800808b   0x0800808b   0x00000001   PAD
    0x0800808c   0x0800808c   0x00000020   Data   RO         5580    Region$$Table       anon$$obj.o


    Execution Region ER_RW (Exec base: 0x20000000, Load base: 0x080080ac, Size: 0x000000fc, Max: 0xffffffff, ABSOLUTE)

    Exec Addr    Load Addr    Size         Type   Attr      Idx    E Section Name        Object

    0x20000000   0x080080ac   0x00000014   Data   RW         1805    .data               stm32f10x_rcc.o
    0x20000014   0x080080c0   0x00000037   Data   RW         3213    .data               main.o
    0x2000004b   0x080080f7   0x00000001   PAD
    0x2000004c   0x080080f8   0x00000040   Data   RW         3924    .data               tasks.o
    0x2000008c   0x08008138   0x00000014   Data   RW         4229    .data               timers.o
    0x200000a0   0x0800814c   0x0000001c   Data   RW         4359    .data               heap_4.o
    0x200000bc   0x08008168   0x00000004   Data   RW         4419    .data               port.o
    0x200000c0   0x0800816c   0x00000004   Data   RW         4493    .data               serial.o
    0x200000c4   0x08008170   0x00000008   Data   RW         4929    .data               adc.o
    0x200000cc   0x08008178   0x00000005   Data   RW         4959    .data               dht11.o
    0x200000d1   0x0800817d   0x00000003   PAD
    0x200000d4   0x08008180   0x00000010   Data   RW         5048    .data               mq-5.o
    0x200000e4   0x08008190   0x0000000c   Data   RW         5080    .data               speed.o
    0x200000f0   0x0800819c   0x00000001   Data   RW         5152    .data               key.o
    0x200000f1   0x0800819d   0x00000003   PAD
    0x200000f4   0x080081a0   0x00000004   Data   RW         5541    .data               mc_w.l(stdout.o)
    0x200000f8   0x080081a4   0x00000004   Data   RW         5555    .data               mc_w.l(errno.o)


    Execution Region ER_ZI (Exec base: 0x200000fc, Load base: 0x080081a8, Size: 0x00004c84, Max: 0xffffffff, ABSOLUTE)

    Exec Addr    Load Addr    Size         Type   Attr      Idx    E Section Name        Object

    0x200000fc        -       0x0000000a   Zero   RW         3211    .bss                main.o
    0x20000106   0x080081a8   0x00000002   PAD
    0x20000108        -       0x000000c8   Zero   RW         3923    .bss                tasks.o
    0x200001d0        -       0x00000028   Zero   RW         4228    .bss                timers.o
    0x200001f8        -       0x00004400   Zero   RW         4358    .bss                heap_4.o
    0x200045f8        -       0x000001f4   Zero   RW         4492    .bss                serial.o
    0x200047ec        -       0x00000190   Zero   RW         4762    .bss                oled.o
    0x2000497c   0x080081a8   0x00000004   PAD
    0x20004980        -       0x00000400   Zero   RW          119    STACK               startup_stm32f10x_md.o


==============================================================================

Image component sizes


      Code (inc. data)   RO Data    RW Data    ZI Data      Debug   Object Name

       308         24          0          8          0       1788   adc.o
       232         24          0          0          0       2357   beep.o
       512         26          0          5          0       4177   dht11.o
         0          0          0          0          0      12200   event_groups.o
       548         60          0         28      17408       4711   heap_4.o
       200         18          0          1          0       1262   key.o
        80         14          0          0          0       1316   led.o
       148          0          0          0          0       3274   list.o
      2680        616         27         55         10      33135   main.o
       132         22          0          0          0     216067   misc.o
       392         56          0          0          0       1987   mortor.o
       252         26          0         16          0       2072   mq-5.o
      1436         56       7306          0        400       9897   oled.o
       404         48          0          4          0       9340   port.o
       168         14          0          0          0       1109   pwm.o
      1794         16          0          0          0      17536   queue.o
       472         72          0          4        500       4938   serial.o
       156         10          0         12          0       1313   speed.o
        36          8        236          0       1024        820   startup_stm32f10x_md.o
       390         10          0          0          0      17873   stm32f10x_adc.o
        84          0          0          0          0      12593   stm32f10x_dma.o
       200         18          0          0          0       4236   stm32f10x_exti.o
       368          4          0          0          0      12522   stm32f10x_gpio.o
        20          0          0          0          0       2529   stm32f10x_it.o
       332         44          0         20          0      14173   stm32f10x_rcc.o
       394         52          0          0          0      25244   stm32f10x_tim.o
       442          6          0          0          0      12029   stm32f10x_usart.o
       328         28          0          0          0      59677   system_stm32f10x.o
      3494        424          0         64        200      35883   tasks.o
       138          0          0          0          0       1078   timerdelay.o
      1092        106          0         20         40      13166   timers.o

    ----------------------------------------------------------------------
     17258       1802       7608        244      19588     540302   Object Totals
         0          0         32          0          0          0   (incl. Generated)
        26          0          7          7          6          0   (incl. Padding)

    ----------------------------------------------------------------------

      Code (inc. data)   RO Data    RW Data    ZI Data      Debug   Library Member Name

        62         10          0          0          0        340   dunder.o
        40          0          0          0          0         68   fpclassify.o
       170          0          0          0          0         96   poly.o
      2520        190        136          0          0        324   pow.o
         0          0          8          0          0          0   qnan.o
        76          0          0          0          0         84   sqrt.o
       100          4          0          0          0         84   trunc.o
         0          0          0          0          0          0   entry.o
         0          0          0          0          0          0   entry10a.o
         0          0          0          0          0          0   entry11a.o
         4          0          0          0          0          0   entry12b.o
         8          4          0          0          0          0   entry2.o
         4          0          0          0          0          0   entry5.o
         0          0          0          0          0          0   entry7b.o
         0          0          0          0          0          0   entry8b.o
         8          4          0          0          0          0   entry9a.o
        12          6          0          4          0         68   errno.o
        30          0          0          0          0          0   handlers.o
        36          8          0          0          0         68   init.o
         0          0          0          0          0          0   iusefp.o
        30          0          0          0          0         68   llshl.o
        36          0          0          0          0         68   llsshr.o
        32          0          0          0          0         68   llushr.o
        36          0          0          0          0         68   memcpya.o
        36          0          0          0          0        108   memseta.o
      2218         90          0          0          0        464   printfa.o
         0          0          0          4          0          0   stdout.o
        36          0          0          0          0         80   strstr.o
        44          0          0          0          0         80   uidiv.o
        98          0          0          0          0         92   uldiv.o
        48          0          0          0          0         68   cdcmple.o
        48          0          0          0          0         68   cdrcmple.o
        20          0          0          0          0         68   cfcmple.o
        56          0          0          0          0         88   d2f.o
       334          0          0          0          0        148   dadd.o
       222          0          0          0          0        100   ddiv.o
       186          0          0          0          0        176   depilogue.o
        62          0          0          0          0         80   dfixi.o
        50          0          0          0          0         76   dfixui.o
        48          0          0          0          0         68   dfixul.o
        34          0          0          0          0         76   dflti.o
        26          0          0          0          0         76   dfltui.o
       228          0          0          0          0         96   dmul.o
       136          4          0          0          0         92   drnd.o
        46          0          0          0          0         80   dscalb.o
       162          0          0          0          0        100   dsqrt.o
        38          0          0          0          0         68   f2d.o
       176          0          0          0          0        140   fadd.o
       124          0          0          0          0         88   fdiv.o
       110          0          0          0          0        168   fepilogue.o
        18          0          0          0          0         68   fflti.o
        10          0          0          0          0         68   ffltui.o
       100          0          0          0          0         76   fmul.o

    ----------------------------------------------------------------------
      7930        320        144          8          0       4364   Library Totals
        12          0          0          0          0          0   (incl. Padding)

    ----------------------------------------------------------------------

      Code (inc. data)   RO Data    RW Data    ZI Data      Debug   Library Name

      2968        204        144          0          0        996   m_ws.l
      2668        112          0          8          0       1232   mc_w.l
      2282          4          0          0          0       2136   mf_w.l

    ----------------------------------------------------------------------
      7930        320        144          8          0       4364   Library Totals

    ----------------------------------------------------------------------

==============================================================================


      Code (inc. data)   RO Data    RW Data    ZI Data      Debug   

     25188       2122       7752        252      19588     532754   Grand Totals
     25188       2122       7752        252      19588     532754   ELF Image Totals
     25188       2122       7752        252          0          0   ROM Totals

==============================================================================

    Total RO  Size (Code + RO Data)                32940 (  32.17kB)
    Total RW  Size (RW Data + ZI Data)             19840 (  19.38kB)
    Total ROM Size (Code + RO Data + RW Data)      33192 (  32.41kB)

==============================================================================

